Component: ARM Compiler 5.06 update 5 (build 528) Tool: armlink [4d35e2]

==============================================================================

Section Cross References

    stm32f10x_it.o(.text) refers to usart.o(.text) for UsartPrintf
    system_stm32f10x.o(.text) refers to system_stm32f10x.o(.data) for SystemCoreClock
    startup_stm32f10x_md.o(STACK) refers (Special) to heapauxi.o(.text) for __use_two_region_memory
    startup_stm32f10x_md.o(HEAP) refers (Special) to heapauxi.o(.text) for __use_two_region_memory
    startup_stm32f10x_md.o(RESET) refers (Special) to heapauxi.o(.text) for __use_two_region_memory
    startup_stm32f10x_md.o(RESET) refers to startup_stm32f10x_md.o(STACK) for __initial_sp
    startup_stm32f10x_md.o(RESET) refers to startup_stm32f10x_md.o(.text) for Reset_Handler
    startup_stm32f10x_md.o(RESET) refers to stm32f10x_it.o(.text) for NMI_Handler
    startup_stm32f10x_md.o(RESET) refers to key.o(.text) for EXTI1_IRQHandler
    startup_stm32f10x_md.o(RESET) refers to usart.o(.text) for USART1_IRQHandler
    startup_stm32f10x_md.o(RESET) refers to esp8266.o(.text) for USART2_IRQHandler
    startup_stm32f10x_md.o(.text) refers (Special) to heapauxi.o(.text) for __use_two_region_memory
    startup_stm32f10x_md.o(.text) refers to system_stm32f10x.o(.text) for SystemInit
    startup_stm32f10x_md.o(.text) refers to __main.o(!!!main) for __main
    startup_stm32f10x_md.o(.text) refers to startup_stm32f10x_md.o(HEAP) for Heap_Mem
    startup_stm32f10x_md.o(.text) refers to startup_stm32f10x_md.o(STACK) for Stack_Mem
    stm32f10x_gpio.o(.text) refers to stm32f10x_rcc.o(.text) for RCC_APB2PeriphResetCmd
    stm32f10x_rcc.o(.text) refers to stm32f10x_rcc.o(.data) for APBAHBPrescTable
    stm32f10x_usart.o(.text) refers to stm32f10x_rcc.o(.text) for RCC_APB2PeriphResetCmd
    delay.o(.text) refers to delay.o(.data) for UsCount
    usart.o(.text) refers to stm32f10x_rcc.o(.text) for RCC_APB2PeriphClockCmd
    usart.o(.text) refers to stm32f10x_gpio.o(.text) for GPIO_Init
    usart.o(.text) refers to stm32f10x_usart.o(.text) for USART_Init
    usart.o(.text) refers to misc.o(.text) for NVIC_Init
    usart.o(.text) refers to c89vsnprintf.o(.text) for __c89vsnprintf
    led.o(.text) refers to stm32f10x_gpio.o(.text) for GPIO_WriteBit
    led.o(.text) refers to stm32f10x_rcc.o(.text) for RCC_APB2PeriphClockCmd
    led.o(.text) refers to led.o(.data) for led_info
    key.o(.text) refers to stm32f10x_rcc.o(.text) for RCC_APB2PeriphClockCmd
    key.o(.text) refers to stm32f10x_gpio.o(.text) for GPIO_Init
    key.o(.text) refers to stm32f10x_exti.o(.text) for EXTI_Init
    key.o(.text) refers to misc.o(.text) for NVIC_Init
    key.o(.text) refers to delay.o(.text) for DelayXms
    key.o(.text) refers to led.o(.text) for LED_Set
    key.o(.text) refers to led.o(.data) for led_info
    dht11.o(.text) refers to stm32f10x_gpio.o(.text) for GPIO_WriteBit
    dht11.o(.text) refers to delay.o(.text) for DelayXms
    dht11.o(.text) refers to stm32f10x_rcc.o(.text) for RCC_APB2PeriphClockCmd
    main.o(.text) refers to misc.o(.text) for NVIC_PriorityGroupConfig
    main.o(.text) refers to delay.o(.text) for Delay_Init
    main.o(.text) refers to usart.o(.text) for Usart1_Init
    main.o(.text) refers to led.o(.text) for LED_Init
    main.o(.text) refers to key.o(.text) for Key_Init
    main.o(.text) refers to dht11.o(.text) for DHT11_Init
    main.o(.text) refers to main.o(.data) for humi
    onenet.o(.text) refers to _printf_percent.o(.ARM.Collect$$_printf_percent$$00000000) for _printf_percent
    onenet.o(.text) refers to _printf_d.o(.ARM.Collect$$_printf_percent$$00000009) for _printf_d
    onenet.o(.text) refers to _printf_s.o(.ARM.Collect$$_printf_percent$$00000014) for _printf_s
    onenet.o(.text) refers to _printf_dec.o(.text) for _printf_int_dec
    onenet.o(.text) refers to _printf_str.o(.text) for _printf_str
    onenet.o(.text) refers to _scanf_int.o(.text) for _scanf_int
    onenet.o(.text) refers to _scanf_str.o(.text) for _scanf_string
    onenet.o(.text) refers to strlen.o(.text) for strlen
    onenet.o(.text) refers to strcat.o(.text) for strcat
    onenet.o(.text) refers to rt_memclr_w.o(.text) for __aeabi_memclr4
    onenet.o(.text) refers to base64.o(.text) for BASE64_Decode
    onenet.o(.text) refers to __2snprintf.o(.text) for __2snprintf
    onenet.o(.text) refers to hmac_sha1.o(.text) for hmac_sha1
    onenet.o(.text) refers to h1_alloc.o(.text) for malloc
    onenet.o(.text) refers to delay.o(.text) for DelayXms
    onenet.o(.text) refers to esp8266.o(.text) for ESP8266_SendCmd
    onenet.o(.text) refers to strstr.o(.text) for strstr
    onenet.o(.text) refers to __0sscanf.o(.text) for __0sscanf
    onenet.o(.text) refers to usart.o(.text) for UsartPrintf
    onenet.o(.text) refers to h1_free.o(.text) for free
    onenet.o(.text) refers to mqttkit.o(.text) for MQTT_PacketConnect
    onenet.o(.text) refers to strcpy.o(.text) for strcpy
[...]
    ../clib/printf_percent.s                 0x00000000   Number         0  _printf_percent.o ABSOLUTE
    ../clib/printf_percent.s                 0x00000000   Number         0  _printf_c.o ABSOLUTE
    ../clib/printf_percent.s                 0x00000000   Number         0  _printf_n.o ABSOLUTE
    ../clib/printf_percent.s                 0x00000000   Number         0  _printf_x.o ABSOLUTE
    ../clib/printf_percent.s                 0x00000000   Number         0  _printf_p.o ABSOLUTE
    ../clib/printf_percent.s                 0x00000000   Number         0  _printf_o.o ABSOLUTE
    ../clib/printf_percent.s                 0x00000000   Number         0  _printf_i.o ABSOLUTE
    ../clib/printf_percent.s                 0x00000000   Number         0  _printf_u.o ABSOLUTE
    ../clib/printf_percent.s                 0x00000000   Number         0  _printf_f.o ABSOLUTE
    ../clib/printf_percent.s                 0x00000000   Number         0  _printf_e.o ABSOLUTE
    ../clib/printf_percent.s                 0x00000000   Number         0  _printf_g.o ABSOLUTE
    ../clib/scanf.c                          0x00000000   Number         0  atoi.o ABSOLUTE
    ../clib/scanf.c                          0x00000000   Number         0  _scanf_int.o ABSOLUTE
    ../clib/scanf.c                          0x00000000   Number         0  __0sscanf.o ABSOLUTE
    ../clib/scanf.c                          0x00000000   Number         0  _chval.o ABSOLUTE
    ../clib/scanf.c                          0x00000000   Number         0  scanf_char.o ABSOLUTE
    ../clib/scanf.c                          0x00000000   Number         0  _sgetc.o ABSOLUTE
    ../clib/scanf.c                          0x00000000   Number         0  strtol.o ABSOLUTE
    ../clib/scanf.c                          0x00000000   Number         0  _scanf_str.o ABSOLUTE
    ../clib/scanf.c                          0x00000000   Number         0  _scanf.o ABSOLUTE
    ../clib/scanf.c                          0x00000000   Number         0  _strtoul.o ABSOLUTE
    ../clib/signal.c                         0x00000000   Number         0  __raise.o ABSOLUTE
    ../clib/signal.c                         0x00000000   Number         0  defsig_general.o ABSOLUTE
    ../clib/signal.c                         0x00000000   Number         0  defsig_abrt_inner.o ABSOLUTE
    ../clib/signal.c                         0x00000000   Number         0  defsig_rtmem_inner.o ABSOLUTE
    ../clib/signal.c                         0x00000000   Number         0  defsig_fpe_inner.o ABSOLUTE
    ../clib/signal.c                         0x00000000   Number         0  defsig_exit.o ABSOLUTE
    ../clib/signal.c                         0x00000000   Number         0  defsig_rtred_inner.o ABSOLUTE
    ../clib/signal.c                         0x00000000   Number         0  defsig_stak_inner.o ABSOLUTE
    ../clib/signal.c                         0x00000000   Number         0  defsig_pvfn_inner.o ABSOLUTE
    ../clib/signal.c                         0x00000000   Number         0  defsig_rtmem_formal.o ABSOLUTE
    ../clib/signal.c                         0x00000000   Number         0  defsig_cppl_inner.o ABSOLUTE
    ../clib/signal.c                         0x00000000   Number         0  defsig_rtmem_outer.o ABSOLUTE
    ../clib/signal.c                         0x00000000   Number         0  defsig_segv_inner.o ABSOLUTE
    ../clib/signal.c                         0x00000000   Number         0  defsig_other.o ABSOLUTE
    ../clib/signal.s                         0x00000000   Number         0  defsig.o ABSOLUTE
    ../clib/stdlib.c                         0x00000000   Number         0  exit.o ABSOLUTE
    ../clib/string.c                         0x00000000   Number         0  strncat.o ABSOLUTE
    ../clib/string.c                         0x00000000   Number         0  strchr.o ABSOLUTE
    ../clib/string.c                         0x00000000   Number         0  strcpy.o ABSOLUTE
    ../clib/string.c                         0x00000000   Number         0  strlen.o ABSOLUTE
    ../clib/string.c                         0x00000000   Number         0  strcat.o ABSOLUTE
    ../clib/string.c                         0x00000000   Number         0  strstr.o ABSOLUTE
    ../fplib/fpinit.s                        0x00000000   Number         0  fpinit.o ABSOLUTE
    ../fplib/istatus.s                       0x00000000   Number         0  istatus.o ABSOLUTE
    ../fplib/printf1.s                       0x00000000   Number         0  printf1.o ABSOLUTE
    ../fplib/usenofp.s                       0x00000000   Number         0  usenofp.o ABSOLUTE
    ../mathlib/fpclassify.c                  0x00000000   Number         0  fpclassify.o ABSOLUTE
    NET\MQTT\MqttKit.c                       0x00000000   Number         0  mqttkit.o ABSOLUTE
    NET\device\src\esp8266.c                 0x00000000   Number         0  esp8266.o ABSOLUTE
    NET\onenet\src\base64.c                  0x00000000   Number         0  base64.o ABSOLUTE
    NET\onenet\src\hmac_sha1.c               0x00000000   Number         0  hmac_sha1.o ABSOLUTE
    NET\onenet\src\onenet.c                  0x00000000   Number         0  onenet.o ABSOLUTE
    core\\core_cm3.c                         0x00000000   Number         0  core_cm3.o ABSOLUTE
    core\core_cm3.c                          0x00000000   Number         0  core_cm3.o ABSOLUTE
    core\startup\arm\startup_stm32f10x_md.s  0x00000000   Number         0  startup_stm32f10x_md.o ABSOLUTE
    core\stm32f10x_it.c                      0x00000000   Number         0  stm32f10x_it.o ABSOLUTE
    core\system_stm32f10x.c                  0x00000000   Number         0  system_stm32f10x.o ABSOLUTE
    dc.s                                     0x00000000   Number         0  dc.o ABSOLUTE
    fwlib\src\misc.c                         0x00000000   Number         0  misc.o ABSOLUTE
    fwlib\src\stm32f10x_exti.c               0x00000000   Number         0  stm32f10x_exti.o ABSOLUTE
    fwlib\src\stm32f10x_gpio.c               0x00000000   Number         0  stm32f10x_gpio.o ABSOLUTE
    fwlib\src\stm32f10x_rcc.c                0x00000000   Number         0  stm32f10x_rcc.o ABSOLUTE
    fwlib\src\stm32f10x_usart.c              0x00000000   Number         0  stm32f10x_usart.o ABSOLUTE
    hardware\src\delay.c                     0x00000000   Number         0  delay.o ABSOLUTE
    hardware\src\dht11.c                     0x00000000   Number         0  dht11.o ABSOLUTE
    hardware\src\key.c                       0x00000000   Number         0  key.o ABSOLUTE
    hardware\src\led.c                       0x00000000   Number         0  led.o ABSOLUTE
    hardware\src\usart.c                     0x00000000   Number         0  usart.o ABSOLUTE
    user\main.c                              0x00000000   Number         0  main.o ABSOLUTE
    RESET                                    0x08000000   Section      236  startup_stm32f10x_md.o(RESET)
    !!!main                                  0x080000ec   Section        8  __main.o(!!!main)
    !!!scatter                               0x080000f4   Section       52  __scatter.o(!!!scatter)
    !!handler_copy                           0x08000128   Section       26  __scatter_copy.o(!!handler_copy)
    !!handler_zi                             0x08000144   Section       28  __scatter_zi.o(!!handler_zi)
    .ARM.Collect$$_printf_percent$$00000000  0x08000160   Section        0  _printf_percent.o(.ARM.Collect$$_printf_percent$$00000000)
    .ARM.Collect$$_printf_percent$$00000001  0x08000160   Section        6  _printf_n.o(.ARM.Collect$$_printf_percent$$00000001)
    .ARM.Collect$$_printf_percent$$00000002  0x08000166   Section        6  _printf_p.o(.ARM.Collect$$_printf_percent$$00000002)
    .ARM.Collect$$_printf_percent$$00000003  0x0800016c   Section        6  _printf_f.o(.ARM.Collect$$_printf_percent$$00000003)
    .ARM.Collect$$_printf_percent$$00000004  0x08000172   Section        6  _printf_e.o(.ARM.Collect$$_printf_percent$$00000004)
    .ARM.Collect$$_printf_percent$$00000005  0x08000178   Section        6  _printf_g.o(.ARM.Collect$$_printf_percent$$00000005)
    .ARM.Collect$$_printf_percent$$00000006  0x0800017e   Section        6  _printf_a.o(.ARM.Collect$$_printf_percent$$00000006)
    .ARM.Collect$$_printf_percent$$00000007  0x08000184   Section       10  _printf_ll.o(.ARM.Collect$$_printf_percent$$00000007)
    .ARM.Collect$$_printf_percent$$00000008  0x0800018e   Section        6  _printf_i.o(.ARM.Collect$$_printf_percent$$00000008)
    .ARM.Collect$$_printf_percent$$00000009  0x08000194   Section        6  _printf_d.o(.ARM.Collect$$_printf_percent$$00000009)
    .ARM.Collect$$_printf_percent$$0000000A  0x0800019a   Section        6  _printf_u.o(.ARM.Collect$$_printf_percent$$0000000A)
    .ARM.Collect$$_printf_percent$$0000000B  0x080001a0   Section        6  _printf_o.o(.ARM.Collect$$_printf_percent$$0000000B)
    .ARM.Collect$$_printf_percent$$0000000C  0x080001a6   Section        6  _printf_x.o(.ARM.Collect$$_printf_percent$$0000000C)
    .ARM.Collect$$_printf_percent$$0000000D  0x080001ac   Section        6  _printf_lli.o(.ARM.Collect$$_printf_percent$$0000000D)
    .ARM.Collect$$_printf_percent$$0000000E  0x080001b2   Section        6  _printf_lld.o(.ARM.Collect$$_printf_percent$$0000000E)
    .ARM.Collect$$_printf_percent$$0000000F  0x080001b8   Section        6  _printf_llu.o(.ARM.Collect$$_printf_percent$$0000000F)
    .ARM.Collect$$_printf_percent$$00000010  0x080001be   Section        6  _printf_llo.o(.ARM.Collect$$_printf_percent$$00000010)
    .ARM.Collect$$_printf_percent$$00000011  0x080001c4   Section        6  _printf_llx.o(.ARM.Collect$$_printf_percent$$00000011)
    .ARM.Collect$$_printf_percent$$00000012  0x080001ca   Section       10  _printf_l.o(.ARM.Collect$$_printf_percent$$00000012)
    .ARM.Collect$$_printf_percent$$00000013  0x080001d4   Section        6  _printf_c.o(.ARM.Collect$$_printf_percent$$00000013)
    .ARM.Collect$$_printf_percent$$00000014  0x080001da   Section        6  _printf_s.o(.ARM.Collect$$_printf_percent$$00000014)
    .ARM.Collect$$_printf_percent$$00000015  0x080001e0   Section        6  _printf_lc.o(.ARM.Collect$$_printf_percent$$00000015)
    .ARM.Collect$$_printf_percent$$00000016  0x080001e6   Section        6  _printf_ls.o(.ARM.Collect$$_printf_percent$$00000016)
    .ARM.Collect$$_printf_percent$$00000017  0x080001ec   Section        4  _printf_percent_end.o(.ARM.Collect$$_printf_percent$$00000017)
    .ARM.Collect$$libinit$$00000000          0x080001f0   Section        2  libinit.o(.ARM.Collect$$libinit$$00000000)
    .ARM.Collect$$libinit$$00000002          0x080001f2   Section        0  libinit2.o(.ARM.Collect$$libinit$$00000002)
    .ARM.Collect$$libinit$$00000004          0x080001f2   Section        0  libinit2.o(.ARM.Collect$$libinit$$00000004)
    .ARM.Collect$$libinit$$0000000A          0x080001f2   Section        0  libinit2.o(.ARM.Collect$$libinit$$0000000A)
    .ARM.Collect$$libinit$$0000000C          0x080001f2   Section        0  libinit2.o(.ARM.Collect$$libinit$$0000000C)
    .ARM.Collect$$libinit$$0000000E          0x080001f2   Section        0  libinit2.o(.ARM.Collect$$libinit$$0000000E)
    .ARM.Collect$$libinit$$0000000F          0x080001f2   Section        6  libinit2.o(.ARM.Collect$$libinit$$0000000F)
    .ARM.Collect$$libinit$$00000011          0x080001f8   Section        0  libinit2.o(.ARM.Collect$$libinit$$00000011)
    .ARM.Collect$$libinit$$00000012          0x080001f8   Section       12  libinit2.o(.ARM.Collect$$libinit$$00000012)
    .ARM.Collect$$libinit$$00000013          0x08000204   Section        0  libinit2.o(.ARM.Collect$$libinit$$00000013)
    .ARM.Collect$$libinit$$00000015          0x08000204   Section        0  libinit2.o(.ARM.Collect$$libinit$$00000015)
    .ARM.Collect$$libinit$$00000016          0x08000204   Section       10  libinit2.o(.ARM.Collect$$libinit$$00000016)
    .ARM.Collect$$libinit$$00000017          0x0800020e   Section        0  libinit2.o(.ARM.Collect$$libinit$$00000017)
    .ARM.Collect$$libinit$$00000019          0x0800020e   Section        0  libinit2.o(.ARM.Collect$$libinit$$00000019)
    .ARM.Collect$$libinit$$0000001B          0x0800020e   Section        0  libinit2.o(.ARM.Collect$$libinit$$0000001B)
    .ARM.Collect$$libinit$$0000001D          0x0800020e   Section        0  libinit2.o(.ARM.Collect$$libinit$$0000001D)
    .ARM.Collect$$libinit$$0000001F          0x0800020e   Section        0  libinit2.o(.ARM.Collect$$libinit$$0000001F)
    .ARM.Collect$$libinit$$00000021          0x0800020e   Section        0  libinit2.o(.ARM.Collect$$libinit$$00000021)
    .ARM.Collect$$libinit$$00000023          0x0800020e   Section        0  libinit2.o(.ARM.Collect$$libinit$$00000023)
    .ARM.Collect$$libinit$$00000025          0x0800020e   Section        0  libinit2.o(.ARM.Collect$$libinit$$00000025)
    .ARM.Collect$$libinit$$0000002C          0x0800020e   Section        0  libinit2.o(.ARM.Collect$$libinit$$0000002C)
    .ARM.Collect$$libinit$$0000002E          0x0800020e   Section        0  libinit2.o(.ARM.Collect$$libinit$$0000002E)
    .ARM.Collect$$libinit$$00000030          0x0800020e   Section        0  libinit2.o(.ARM.Collect$$libinit$$00000030)
    .ARM.Collect$$libinit$$00000032          0x0800020e   Section        0  libinit2.o(.ARM.Collect$$libinit$$00000032)
    .ARM.Collect$$libinit$$00000033          0x0800020e   Section        2  libinit2.o(.ARM.Collect$$libinit$$00000033)
    .ARM.Collect$$libshutdown$$00000000      0x08000210   Section        2  libshutdown.o(.ARM.Collect$$libshutdown$$00000000)
    .ARM.Collect$$libshutdown$$00000002      0x08000212   Section        0  libshutdown2.o(.ARM.Collect$$libshutdown$$00000002)
    .ARM.Collect$$libshutdown$$00000004      0x08000212   Section        0  libshutdown2.o(.ARM.Collect$$libshutdown$$00000004)
    .ARM.Collect$$libshutdown$$00000007      0x08000212   Section        0  libshutdown2.o(.ARM.Collect$$libshutdown$$00000007)
    .ARM.Collect$$libshutdown$$0000000A      0x08000212   Section        0  libshutdown2.o(.ARM.Collect$$libshutdown$$0000000A)
    .ARM.Collect$$libshutdown$$0000000C      0x08000212   Section        0  libshutdown2.o(.ARM.Collect$$libshutdown$$0000000C)
    .ARM.Collect$$libshutdown$$0000000F      0x08000212   Section        0  libshutdown2.o(.ARM.Collect$$libshutdown$$0000000F)
    .ARM.Collect$$libshutdown$$00000010      0x08000212   Section        2  libshutdown2.o(.ARM.Collect$$libshutdown$$00000010)
    .ARM.Collect$$rtentry$$00000000          0x08000214   Section        0  __rtentry.o(.ARM.Collect$$rtentry$$00000000)
    .ARM.Collect$$rtentry$$00000002          0x08000214   Section        0  __rtentry2.o(.ARM.Collect$$rtentry$$00000002)
    .ARM.Collect$$rtentry$$00000004          0x08000214   Section        6  __rtentry4.o(.ARM.Collect$$rtentry$$00000004)
    .ARM.Collect$$rtentry$$00000009          0x0800021a   Section        0  __rtentry2.o(.ARM.Collect$$rtentry$$00000009)
    .ARM.Collect$$rtentry$$0000000A          0x0800021a   Section        4  __rtentry2.o(.ARM.Collect$$rtentry$$0000000A)
    .ARM.Collect$$rtentry$$0000000C          0x0800021e   Section        0  __rtentry2.o(.ARM.Collect$$rtentry$$0000000C)
    .ARM.Collect$$rtentry$$0000000D          0x0800021e   Section        8  __rtentry2.o(.ARM.Collect$$rtentry$$0000000D)
    .ARM.Collect$$rtexit$$00000000           0x08000226   Section        2  rtexit.o(.ARM.Collect$$rtexit$$00000000)
    .ARM.Collect$$rtexit$$00000002           0x08000228   Section        0  rtexit2.o(.ARM.Collect$$rtexit$$00000002)
    .ARM.Collect$$rtexit$$00000003           0x08000228   Section        4  rtexit2.o(.ARM.Collect$$rtexit$$00000003)
    .ARM.Collect$$rtexit$$00000004           0x0800022c   Section        6  rtexit2.o(.ARM.Collect$$rtexit$$00000004)
    .text                                    0x08000234   Section        0  stm32f10x_it.o(.text)
    .text                                    0x08000368   Section        0  system_stm32f10x.o(.text)
    SetSysClockTo72                          0x08000369   Thumb Code   214  system_stm32f10x.o(.text)
    SetSysClock                              0x0800043f   Thumb Code     8  system_stm32f10x.o(.text)
    .text                                    0x08000548   Section       64  startup_stm32f10x_md.o(.text)
    .text                                    0x08000588   Section        0  misc.o(.text)
    .text                                    0x08000664   Section        0  stm32f10x_gpio.o(.text)
    .text                                    0x080009c0   Section        0  stm32f10x_rcc.o(.text)
    .text                                    0x08000d64   Section        0  stm32f10x_usart.o(.text)
    .text                                    0x0800116c   Section        0  stm32f10x_exti.o(.text)
    .text                                    0x08001288   Section        0  delay.o(.text)
    .text                                    0x0800137c   Section        0  usart.o(.text)
    .text                                    0x08001564   Section        0  led.o(.text)
    .text                                    0x080015b0   Section        0  key.o(.text)
    .text                                    0x08001658   Section        0  dht11.o(.text)
    .text                                    0x080017f8   Section        0  main.o(.text)
    .text                                    0x080018b4   Section        0  esp8266.o(.text)
    .text                                    0x08001b9c   Section        0  c89vsnprintf.o(.text)
    .text                                    0x08001bd0   Section        0  __2sprintf.o(.text)
    .text                                    0x08001bfc   Section        0  _printf_str.o(.text)
    .text                                    0x08001c50   Section        0  _printf_dec.o(.text)
    .text                                    0x08001cc8   Section        0  __printf_flags_ss_wp.o(.text)
    .text                                    0x08001e50   Section        0  strchr.o(.text)
    .text                                    0x08001e64   Section        0  strstr.o(.text)
    .text                                    0x08001e88   Section        0  strlen.o(.text)
    .text                                    0x08001ec6   Section       68  rt_memclr.o(.text)
    .text                                    0x08001f0a   Section       78  rt_memclr_w.o(.text)
    .text                                    0x08001f58   Section        0  heapauxi.o(.text)
    .text                                    0x08001f5e   Section        0  _printf_pad.o(.text)
    .text                                    0x08001fac   Section        0  _printf_truncate.o(.text)
    .text                                    0x08001fd0   Section        0  _printf_intcommon.o(.text)
    .text                                    0x08002082   Section        0  _printf_charcount.o(.text)
    .text                                    0x080020ac   Section        0  _printf_char_common.o(.text)
    _printf_input_char                       0x080020ad   Thumb Code    10  _printf_char_common.o(.text)
    .text                                    0x080020dc   Section        0  _sputc.o(.text)
    .text                                    0x080020e6   Section        0  _snputc.o(.text)
    .text                                    0x080020f6   Section        0  _printf_char.o(.text)
    .text                                    0x08002124   Section        0  _printf_wctomb.o(.text)
    .text                                    0x080021e0   Section        0  _printf_longlong_dec.o(.text)
    .text                                    0x0800225c   Section        0  _printf_oct_int_ll.o(.text)
    _printf_longlong_oct_internal            0x0800225d   Thumb Code     0  _printf_oct_int_ll.o(.text)
    .text                                    0x080022cc   Section        0  _printf_hex_int_ll_ptr.o(.text)
    _printf_hex_common                       0x080022cd   Thumb Code     0  _printf_hex_int_ll_ptr.o(.text)
    .text                                    0x08002360   Section        8  libspace.o(.text)
    .text                                    0x08002368   Section       16  rt_ctype_table.o(.text)
    .text                                    0x08002378   Section      138  lludiv10.o(.text)
    .text                                    0x08002402   Section        0  _printf_fp_dec.o(.text)
    _fp_digits                               0x08002405   Thumb Code   432  _printf_fp_dec.o(.text)
    .text                                    0x08002820   Section        0  _printf_wchar.o(.text)
    .text                                    0x0800284c   Section        0  _wcrtomb.o(.text)
    .text                                    0x0800288c   Section        2  use_no_semi.o(.text)
    .text                                    0x0800288e   Section       74  sys_stackheap_outer.o(.text)
    .text                                    0x0800288e   Section        0  indicate_semi.o(.text)
    .text                                    0x080028d8   Section        8  rt_locale_intlibspace.o(.text)
    .text                                    0x080028e0   Section        0  _printf_fp_infnan.o(.text)
    .text                                    0x08002960   Section        0  bigflt0.o(.text)
    .text                                    0x08002a44   Section        0  exit.o(.text)
    .text                                    0x08002a58   Section        0  sys_exit.o(.text)
    .text                                    0x08002a64   Section      128  strcmpv7m.o(.text)
    CL$$btod_d2e                             0x08002ae4   Section       62  btod.o(CL$$btod_d2e)
    CL$$btod_d2e_denorm_low                  0x08002b22   Section       70  btod.o(CL$$btod_d2e_denorm_low)
    CL$$btod_d2e_norm_op1                    0x08002b68   Section       96  btod.o(CL$$btod_d2e_norm_op1)
    CL$$btod_div_common                      0x08002bc8   Section      824  btod.o(CL$$btod_div_common)
    CL$$btod_e2e                             0x08002f00   Section      220  btod.o(CL$$btod_e2e)
    CL$$btod_ediv                            0x08002fdc   Section       42  btod.o(CL$$btod_ediv)
    CL$$btod_emul                            0x08003006   Section       42  btod.o(CL$$btod_emul)
    CL$$btod_mult_common                     0x08003030   Section      580  btod.o(CL$$btod_mult_common)
    i.__ARM_fpclassify                       0x08003274   Section        0  fpclassify.o(i.__ARM_fpclassify)
    i._is_digit                              0x0800329c   Section        0  __printf_wp.o(i._is_digit)
    locale$$code                             0x080032ac   Section       44  lc_ctype_c.o(locale$$code)
    locale$$code                             0x080032d8   Section       44  lc_numeric_c.o(locale$$code)
    x$fpl$printf1                            0x08003304   Section        4  printf1.o(x$fpl$printf1)
    .constdata                               0x08003308   Section       17  __printf_flags_ss_wp.o(.constdata)
    x$fpl$usenofp                            0x08003308   Section        0  usenofp.o(x$fpl$usenofp)
    maptable                                 0x08003308   Data          17  __printf_flags_ss_wp.o(.constdata)
    .constdata                               0x0800331c   Section        8  _printf_wctomb.o(.constdata)
    initial_mbstate                          0x0800331c   Data           8  _printf_wctomb.o(.constdata)
    .constdata                               0x08003324   Section       40  _printf_hex_int_ll_ptr.o(.constdata)
    uc_hextab                                0x08003324   Data          20  _printf_hex_int_ll_ptr.o(.constdata)
    lc_hextab                                0x08003338   Data          20  _printf_hex_int_ll_ptr.o(.constdata)
    .constdata                               0x0800334c   Section      148  bigflt0.o(.constdata)
    tenpwrs_x                                0x0800334c   Data          60  bigflt0.o(.constdata)
    tenpwrs_i                                0x08003388   Data          64  bigflt0.o(.constdata)
    locale$$data                             0x08003400   Section      272  lc_ctype_c.o(locale$$data)
    __lcctype_c_name                         0x08003404   Data           2  lc_ctype_c.o(locale$$data)
    __lcctype_c_start                        0x0800340c   Data           0  lc_ctype_c.o(locale$$data)
    locale$$data                             0x08003510   Section       28  lc_numeric_c.o(locale$$data)
    __lcctype_c_end                          0x08003510   Data           0  lc_ctype_c.o(locale$$data)
    __lcnum_c_name                           0x08003514   Data           2  lc_numeric_c.o(locale$$data)
    __lcnum_c_start                          0x0800351c   Data           0  lc_numeric_c.o(locale$$data)
    __lcnum_c_point                          0x08003528   Data           0  lc_numeric_c.o(locale$$data)
    __lcnum_c_thousands                      0x0800352a   Data           0  lc_numeric_c.o(locale$$data)
    __lcnum_c_grouping                       0x0800352b   Data           0  lc_numeric_c.o(locale$$data)
    __lcnum_c_end                            0x0800352c   Data           0  lc_numeric_c.o(locale$$data)
    .data                                    0x20000000   Section       20  system_stm32f10x.o(.data)
    .data                                    0x20000014   Section       20  stm32f10x_rcc.o(.data)
    APBAHBPrescTable                         0x20000014   Data          16  stm32f10x_rcc.o(.data)
    ADCPrescTable                            0x20000024   Data           4  stm32f10x_rcc.o(.data)
    .data                                    0x20000028   Section        4  delay.o(.data)
    .data                                    0x2000002c   Section        1  led.o(.data)
    .data                                    0x2000002d   Section        2  main.o(.data)
    .data                                    0x20000030   Section        4  esp8266.o(.data)
    .bss                                     0x20000034   Section      512  esp8266.o(.bss)
    .bss                                     0x20000234   Section       96  libspace.o(.bss)
    HEAP                                     0x20000298   Section      512  startup_stm32f10x_md.o(HEAP)
    Heap_Mem                                 0x20000298   Data         512  startup_stm32f10x_md.o(HEAP)
    STACK                                    0x20000498   Section     1024  startup_stm32f10x_md.o(STACK)
    Stack_Mem                                0x20000498   Data        1024  startup_stm32f10x_md.o(STACK)
    __initial_sp                             0x20000898   Data           0  startup_stm32f10x_md.o(STACK)

    Global Symbols

    Symbol Name                              Value     Ov Type        Size  Object(Section)

    BuildAttributes$$THM_ISAv4$P$D$K$B$S$PE$A:L22UL41UL21$X:L11$S22US41US21$IEEE1$IW$USESV6$~STKCKD$USESV7$~SHL$OTIME$ROPI$IEEEJ$EBA8$UX$STANDARDLIB$REQ8$PRES8$EABIv2 0x00000000   Number         0  anon$$obj.o ABSOLUTE
    __ARM_use_no_argv                        0x00000000   Number         0  main.o ABSOLUTE
    _printf_flags                            0x00000000   Number         0  printf_stubs.o ABSOLUTE
    _printf_return_value                     0x00000000   Number         0  printf_stubs.o ABSOLUTE
    _printf_sizespec                         0x00000000   Number         0  printf_stubs.o ABSOLUTE
    _printf_widthprec                        0x00000000   Number         0  printf_stubs.o ABSOLUTE
    __ARM_exceptions_init                     - Undefined Weak Reference
    __alloca_initialize                       - Undefined Weak Reference
    __arm_preinit_                            - Undefined Weak Reference
    __cpp_initialize__aeabi_                  - Undefined Weak Reference
    __cxa_finalize                            - Undefined Weak Reference
    __sigvec_lookup                           - Undefined Weak Reference
    __user_heap_extent                        - Undefined Weak Reference
    _atexit_init                              - Undefined Weak Reference
    _call_atexit_fns                          - Undefined Weak Reference
    _clock_init                               - Undefined Weak Reference
    _fp_trap_init                             - Undefined Weak Reference
    _fp_trap_shutdown                         - Undefined Weak Reference
    _get_lc_collate                           - Undefined Weak Reference
    _get_lc_monetary                          - Undefined Weak Reference
    _get_lc_time                              - Undefined Weak Reference
    _getenv_init                              - Undefined Weak Reference
    _handle_redirection                       - Undefined Weak Reference
    _initio                                   - Undefined Weak Reference
    _mutex_acquire                            - Undefined Weak Reference
    _mutex_free                               - Undefined Weak Reference
    _mutex_release                            - Undefined Weak Reference
    _printf_fp_hex                            - Undefined Weak Reference
    _printf_mbtowc                            - Undefined Weak Reference
    _printf_wc                                - Undefined Weak Reference
    _rand_init                                - Undefined Weak Reference
    _scanf_longlong                           - Undefined Weak Reference
    _scanf_mbtowc                             - Undefined Weak Reference
    _scanf_real                               - Undefined Weak Reference
    _scanf_wctomb                             - Undefined Weak Reference
    _scanf_wstring                            - Undefined Weak Reference
    _signal_finish                            - Undefined Weak Reference
    _signal_init                              - Undefined Weak Reference
    _terminateio                              - Undefined Weak Reference
    __Vectors_Size                           0x000000ec   Number         0  startup_stm32f10x_md.o ABSOLUTE
    __Vectors                                0x08000000   Data           4  startup_stm32f10x_md.o(RESET)
    __Vectors_End                            0x080000ec   Data           0  startup_stm32f10x_md.o(RESET)
    __main                                   0x080000ed   Thumb Code     8  __main.o(!!!main)
    __scatterload                            0x080000f5   Thumb Code     0  __scatter.o(!!!scatter)
    __scatterload_rt2                        0x080000f5   Thumb Code    44  __scatter.o(!!!scatter)
    __scatterload_rt2_thumb_only             0x080000f5   Thumb Code     0  __scatter.o(!!!scatter)
    __scatterload_null                       0x08000103   Thumb Code     0  __scatter.o(!!!scatter)
    __scatterload_copy                       0x08000129   Thumb Code    26  __scatter_copy.o(!!handler_copy)
    __scatterload_zeroinit                   0x08000145   Thumb Code    28  __scatter_zi.o(!!handler_zi)
    _printf_n                                0x08000161   Thumb Code     0  _printf_n.o(.ARM.Collect$$_printf_percent$$00000001)
    _printf_percent                          0x08000161   Thumb Code     0  _printf_percent.o(.ARM.Collect$$_printf_percent$$00000000)
    _printf_p                                0x08000167   Thumb Code     0  _printf_p.o(.ARM.Collect$$_printf_percent$$00000002)
    _printf_f                                0x0800016d   Thumb Code     0  _printf_f.o(.ARM.Collect$$_printf_percent$$00000003)
    _printf_e                                0x08000173   Thumb Code     0  _printf_e.o(.ARM.Collect$$_printf_percent$$00000004)
    _printf_g                                0x08000179   Thumb Code     0  _printf_g.o(.ARM.Collect$$_printf_percent$$00000005)
    _printf_a                                0x0800017f   Thumb Code     0  _printf_a.o(.ARM.Collect$$_printf_percent$$00000006)
    _printf_ll                               0x08000185   Thumb Code     0  _printf_ll.o(.ARM.Collect$$_printf_percent$$00000007)
    _printf_i                                0x0800018f   Thumb Code     0  _printf_i.o(.ARM.Collect$$_printf_percent$$00000008)
    _printf_d                                0x08000195   Thumb Code     0  _printf_d.o(.ARM.Collect$$_printf_percent$$00000009)
    _printf_u                                0x0800019b   Thumb Code     0  _printf_u.o(.ARM.Collect$$_printf_percent$$0000000A)
    _printf_o                                0x080001a1   Thumb Code     0  _printf_o.o(.ARM.Collect$$_printf_percent$$0000000B)
    _printf_x                                0x080001a7   Thumb Code     0  _printf_x.o(.ARM.Collect$$_printf_percent$$0000000C)
    _printf_lli                              0x080001ad   Thumb Code     0  _printf_lli.o(.ARM.Collect$$_printf_percent$$0000000D)
    _printf_lld                              0x080001b3   Thumb Code     0  _printf_lld.o(.ARM.Collect$$_printf_percent$$0000000E)
    _printf_llu                              0x080001b9   Thumb Code     0  _printf_llu.o(.ARM.Collect$$_printf_percent$$0000000F)
    _printf_llo                              0x080001bf   Thumb Code     0  _printf_llo.o(.ARM.Collect$$_printf_percent$$00000010)
    _printf_llx                              0x080001c5   Thumb Code     0  _printf_llx.o(.ARM.Collect$$_printf_percent$$00000011)
    _printf_l                                0x080001cb   Thumb Code     0  _printf_l.o(.ARM.Collect$$_printf_percent$$00000012)
    _printf_c                                0x080001d5   Thumb Code     0  _printf_c.o(.ARM.Collect$$_printf_percent$$00000013)
    _printf_s                                0x080001db   Thumb Code     0  _printf_s.o(.ARM.Collect$$_printf_percent$$00000014)
    _printf_lc                               0x080001e1   Thumb Code     0  _printf_lc.o(.ARM.Collect$$_printf_percent$$00000015)
    _printf_ls                               0x080001e7   Thumb Code     0  _printf_ls.o(.ARM.Collect$$_printf_percent$$00000016)
    _printf_percent_end                      0x080001ed   Thumb Code     0  _printf_percent_end.o(.ARM.Collect$$_printf_percent$$00000017)
    __rt_lib_init                            0x080001f1   Thumb Code     0  libinit.o(.ARM.Collect$$libinit$$00000000)
    __rt_lib_init_fp_1                       0x080001f3   Thumb Code     0  libinit2.o(.ARM.Collect$$libinit$$00000002)
    __rt_lib_init_heap_1                     0x080001f3   Thumb Code     0  libinit2.o(.ARM.Collect$$libinit$$0000000A)
    __rt_lib_init_lc_common                  0x080001f3   Thumb Code     0  libinit2.o(.ARM.Collect$$libinit$$0000000F)
    __rt_lib_init_preinit_1                  0x080001f3   Thumb Code     0  libinit2.o(.ARM.Collect$$libinit$$00000004)
    __rt_lib_init_rand_1                     0x080001f3   Thumb Code     0  libinit2.o(.ARM.Collect$$libinit$$0000000E)
    __rt_lib_init_user_alloc_1               0x080001f3   Thumb Code     0  libinit2.o(.ARM.Collect$$libinit$$0000000C)
    __rt_lib_init_lc_collate_1               0x080001f9   Thumb Code     0  libinit2.o(.ARM.Collect$$libinit$$00000011)
    __rt_lib_init_lc_ctype_2                 0x080001f9   Thumb Code     0  libinit2.o(.ARM.Collect$$libinit$$00000012)
    __rt_lib_init_lc_ctype_1                 0x08000205   Thumb Code     0  libinit2.o(.ARM.Collect$$libinit$$00000013)
    __rt_lib_init_lc_monetary_1              0x08000205   Thumb Code     0  libinit2.o(.ARM.Collect$$libinit$$00000015)
    __rt_lib_init_lc_numeric_2               0x08000205   Thumb Code     0  libinit2.o(.ARM.Collect$$libinit$$00000016)
    __rt_lib_init_alloca_1                   0x0800020f   Thumb Code     0  libinit2.o(.ARM.Collect$$libinit$$0000002E)
    __rt_lib_init_argv_1                     0x0800020f   Thumb Code     0  libinit2.o(.ARM.Collect$$libinit$$0000002C)
    __rt_lib_init_atexit_1                   0x0800020f   Thumb Code     0  libinit2.o(.ARM.Collect$$libinit$$0000001B)
    __rt_lib_init_clock_1                    0x0800020f   Thumb Code     0  libinit2.o(.ARM.Collect$$libinit$$00000021)
    __rt_lib_init_cpp_1                      0x0800020f   Thumb Code     0  libinit2.o(.ARM.Collect$$libinit$$00000032)
    __rt_lib_init_exceptions_1               0x0800020f   Thumb Code     0  libinit2.o(.ARM.Collect$$libinit$$00000030)
    __rt_lib_init_fp_trap_1                  0x0800020f   Thumb Code     0  libinit2.o(.ARM.Collect$$libinit$$0000001F)
    __rt_lib_init_getenv_1                   0x0800020f   Thumb Code     0  libinit2.o(.ARM.Collect$$libinit$$00000023)
    __rt_lib_init_lc_numeric_1               0x0800020f   Thumb Code     0  libinit2.o(.ARM.Collect$$libinit$$00000017)
    __rt_lib_init_lc_time_1                  0x0800020f   Thumb Code     0  libinit2.o(.ARM.Collect$$libinit$$00000019)
    __rt_lib_init_return                     0x0800020f   Thumb Code     0  libinit2.o(.ARM.Collect$$libinit$$00000033)
    __rt_lib_init_signal_1                   0x0800020f   Thumb Code     0  libinit2.o(.ARM.Collect$$libinit$$0000001D)
    __rt_lib_init_stdio_1                    0x0800020f   Thumb Code     0  libinit2.o(.ARM.Collect$$libinit$$00000025)
    __rt_lib_shutdown                        0x08000211   Thumb Code     0  libshutdown.o(.ARM.Collect$$libshutdown$$00000000)
    __rt_lib_shutdown_cpp_1                  0x08000213   Thumb Code     0  libshutdown2.o(.ARM.Collect$$libshutdown$$00000002)
    __rt_lib_shutdown_fp_trap_1              0x08000213   Thumb Code     0  libshutdown2.o(.ARM.Collect$$libshutdown$$00000007)
    __rt_lib_shutdown_heap_1                 0x08000213   Thumb Code     0  libshutdown2.o(.ARM.Collect$$libshutdown$$0000000F)
    __rt_lib_shutdown_return                 0x08000213   Thumb Code     0  libshutdown2.o(.ARM.Collect$$libshutdown$$00000010)
    __rt_lib_shutdown_signal_1               0x08000213   Thumb Code     0  libshutdown2.o(.ARM.Collect$$libshutdown$$0000000A)
    __rt_lib_shutdown_stdio_1                0x08000213   Thumb Code     0  libshutdown2.o(.ARM.Collect$$libshutdown$$00000004)
    __rt_lib_shutdown_user_alloc_1           0x08000213   Thumb Code     0  libshutdown2.o(.ARM.Collect$$libshutdown$$0000000C)
    __rt_entry                               0x08000215   Thumb Code     0  __rtentry.o(.ARM.Collect$$rtentry$$00000000)
    __rt_entry_presh_1                       0x08000215   Thumb Code     0  __rtentry2.o(.ARM.Collect$$rtentry$$00000002)
    __rt_entry_sh                            0x08000215   Thumb Code     0  __rtentry4.o(.ARM.Collect$$rtentry$$00000004)
    __rt_entry_li                            0x0800021b   Thumb Code     0  __rtentry2.o(.ARM.Collect$$rtentry$$0000000A)
    __rt_entry_postsh_1                      0x0800021b   Thumb Code     0  __rtentry2.o(.ARM.Collect$$rtentry$$00000009)
    __rt_entry_main                          0x0800021f   Thumb Code     0  __rtentry2.o(.ARM.Collect$$rtentry$$0000000D)
    __rt_entry_postli_1                      0x0800021f   Thumb Code     0  __rtentry2.o(.ARM.Collect$$rtentry$$0000000C)
    __rt_exit                                0x08000227   Thumb Code     0  rtexit.o(.ARM.Collect$$rtexit$$00000000)
    __rt_exit_ls                             0x08000229   Thumb Code     0  rtexit2.o(.ARM.Collect$$rtexit$$00000003)
    __rt_exit_prels_1                        0x08000229   Thumb Code     0  rtexit2.o(.ARM.Collect$$rtexit$$00000002)
    __rt_exit_exit                           0x0800022d   Thumb Code     0  rtexit2.o(.ARM.Collect$$rtexit$$00000004)
    NMI_Handler                              0x08000235   Thumb Code     2  stm32f10x_it.o(.text)
    HardFault_Handler                        0x08000237   Thumb Code    12  stm32f10x_it.o(.text)
    MemManage_Handler                        0x08000243   Thumb Code    12  stm32f10x_it.o(.text)
    BusFault_Handler                         0x0800024f   Thumb Code    12  stm32f10x_it.o(.text)
    UsageFault_Handler                       0x0800025b   Thumb Code    12  stm32f10x_it.o(.text)
    SVC_Handler                              0x08000267   Thumb Code     2  stm32f10x_it.o(.text)
    DebugMon_Handler                         0x08000269   Thumb Code     2  stm32f10x_it.o(.text)
    SysTick_Handler                          0x0800026b   Thumb Code     2  stm32f10x_it.o(.text)
    EXTI0_IRQHandler                         0x0800026d   Thumb Code     2  stm32f10x_it.o(.text)
    RTC_IRQHandler                           0x0800026f   Thumb Code     2  stm32f10x_it.o(.text)
    SystemInit                               0x08000447   Thumb Code    78  system_stm32f10x.o(.text)
    SystemCoreClockUpdate                    0x08000495   Thumb Code   142  system_stm32f10x.o(.text)
    Reset_Handler                            0x08000549   Thumb Code     8  startup_stm32f10x_md.o(.text)
    PendSV_Handler                           0x0800055f   Thumb Code     2  startup_stm32f10x_md.o(.text)
    ADC1_2_IRQHandler                        0x08000563   Thumb Code     0  startup_stm32f10x_md.o(.text)
    CAN1_RX1_IRQHandler                      0x08000563   Thumb Code     0  startup_stm32f10x_md.o(.text)
    CAN1_SCE_IRQHandler                      0x08000563   Thumb Code     0  startup_stm32f10x_md.o(.text)
    DMA1_Channel1_IRQHandler                 0x08000563   Thumb Code     0  startup_stm32f10x_md.o(.text)
    DMA1_Channel2_IRQHandler                 0x08000563   Thumb Code     0  startup_stm32f10x_md.o(.text)
    DMA1_Channel3_IRQHandler                 0x08000563   Thumb Code     0  startup_stm32f10x_md.o(.text)
    DMA1_Channel4_IRQHandler                 0x08000563   Thumb Code     0  startup_stm32f10x_md.o(.text)
    DMA1_Channel5_IRQHandler                 0x08000563   Thumb Code     0  startup_stm32f10x_md.o(.text)
    DMA1_Channel6_IRQHandler                 0x08000563   Thumb Code     0  startup_stm32f10x_md.o(.text)
    DMA1_Channel7_IRQHandler                 0x08000563   Thumb Code     0  startup_stm32f10x_md.o(.text)
    EXTI15_10_IRQHandler                     0x08000563   Thumb Code     0  startup_stm32f10x_md.o(.text)
    EXTI2_IRQHandler                         0x08000563   Thumb Code     0  startup_stm32f10x_md.o(.text)
    EXTI3_IRQHandler                         0x08000563   Thumb Code     0  startup_stm32f10x_md.o(.text)
    EXTI4_IRQHandler                         0x08000563   Thumb Code     0  startup_stm32f10x_md.o(.text)
    EXTI9_5_IRQHandler                       0x08000563   Thumb Code     0  startup_stm32f10x_md.o(.text)
    FLASH_IRQHandler                         0x08000563   Thumb Code     0  startup_stm32f10x_md.o(.text)
    I2C1_ER_IRQHandler                       0x08000563   Thumb Code     0  startup_stm32f10x_md.o(.text)
    I2C1_EV_IRQHandler                       0x08000563   Thumb Code     0  startup_stm32f10x_md.o(.text)
    I2C2_ER_IRQHandler                       0x08000563   Thumb Code     0  startup_stm32f10x_md.o(.text)
    I2C2_EV_IRQHandler                       0x08000563   Thumb Code     0  startup_stm32f10x_md.o(.text)
    PVD_IRQHandler                           0x08000563   Thumb Code     0  startup_stm32f10x_md.o(.text)
    RCC_IRQHandler                           0x08000563   Thumb Code     0  startup_stm32f10x_md.o(.text)
    RTCAlarm_IRQHandler                      0x08000563   Thumb Code     0  startup_stm32f10x_md.o(.text)
    SPI1_IRQHandler                          0x08000563   Thumb Code     0  startup_stm32f10x_md.o(.text)
    SPI2_IRQHandler                          0x08000563   Thumb Code     0  startup_stm32f10x_md.o(.text)
    TAMPER_IRQHandler                        0x08000563   Thumb Code     0  startup_stm32f10x_md.o(.text)
    TIM1_BRK_IRQHandler                      0x08000563   Thumb Code     0  startup_stm32f10x_md.o(.text)
    TIM1_CC_IRQHandler                       0x08000563   Thumb Code     0  startup_stm32f10x_md.o(.text)
    TIM1_TRG_COM_IRQHandler                  0x08000563   Thumb Code     0  startup_stm32f10x_md.o(.text)
    TIM1_UP_IRQHandler                       0x08000563   Thumb Code     0  startup_stm32f10x_md.o(.text)
    TIM2_IRQHandler                          0x08000563   Thumb Code     0  startup_stm32f10x_md.o(.text)
    TIM3_IRQHandler                          0x08000563   Thumb Code     0  startup_stm32f10x_md.o(.text)
    TIM4_IRQHandler                          0x08000563   Thumb Code     0  startup_stm32f10x_md.o(.text)
    USART3_IRQHandler                        0x08000563   Thumb Code     0  startup_stm32f10x_md.o(.text)
    USBWakeUp_IRQHandler                     0x08000563   Thumb Code     0  startup_stm32f10x_md.o(.text)
    USB_HP_CAN1_TX_IRQHandler                0x08000563   Thumb Code     0  startup_stm32f10x_md.o(.text)
    USB_LP_CAN1_RX0_IRQHandler               0x08000563   Thumb Code     0  startup_stm32f10x_md.o(.text)
    WWDG_IRQHandler                          0x08000563   Thumb Code     0  startup_stm32f10x_md.o(.text)
    __user_initial_stackheap                 0x08000565   Thumb Code     0  startup_stm32f10x_md.o(.text)
    NVIC_PriorityGroupConfig                 0x08000589   Thumb Code    10  misc.o(.text)
    NVIC_Init                                0x08000593   Thumb Code   100  misc.o(.text)
    NVIC_SetVectorTable                      0x080005f7   Thumb Code    14  misc.o(.text)
    NVIC_SystemLPConfig                      0x08000605   Thumb Code    34  misc.o(.text)
    SysTick_CLKSourceConfig                  0x08000627   Thumb Code    40  misc.o(.text)
    GPIO_DeInit                              0x08000665   Thumb Code   172  stm32f10x_gpio.o(.text)
    GPIO_AFIODeInit                          0x08000711   Thumb Code    20  stm32f10x_gpio.o(.text)
    GPIO_Init                                0x08000725   Thumb Code   278  stm32f10x_gpio.o(.text)
    GPIO_StructInit                          0x0800083b   Thumb Code    16  stm32f10x_gpio.o(.text)
    GPIO_ReadInputDataBit                    0x0800084b   Thumb Code    18  stm32f10x_gpio.o(.text)
    GPIO_ReadInputData                       0x0800085d   Thumb Code     8  stm32f10x_gpio.o(.text)
    GPIO_ReadOutputDataBit                   0x08000865   Thumb Code    18  stm32f10x_gpio.o(.text)
    GPIO_ReadOutputData                      0x08000877   Thumb Code     8  stm32f10x_gpio.o(.text)
    GPIO_SetBits                             0x0800087f   Thumb Code     4  stm32f10x_gpio.o(.text)
    GPIO_ResetBits                           0x08000883   Thumb Code     4  stm32f10x_gpio.o(.text)
    GPIO_WriteBit                            0x08000887   Thumb Code    10  stm32f10x_gpio.o(.text)
    GPIO_Write                               0x08000891   Thumb Code     4  stm32f10x_gpio.o(.text)
    GPIO_PinLockConfig                       0x08000895   Thumb Code    18  stm32f10x_gpio.o(.text)
    GPIO_EventOutputConfig                   0x080008a7   Thumb Code    26  stm32f10x_gpio.o(.text)
    GPIO_EventOutputCmd                      0x080008c1   Thumb Code     6  stm32f10x_gpio.o(.text)
    GPIO_PinRemapConfig                      0x080008c7   Thumb Code   138  stm32f10x_gpio.o(.text)
    GPIO_EXTILineConfig                      0x08000951   Thumb Code    66  stm32f10x_gpio.o(.text)
    GPIO_ETH_MediaInterfaceConfig            0x08000993   Thumb Code     8  stm32f10x_gpio.o(.text)
    RCC_DeInit                               0x080009c1   Thumb Code    64  stm32f10x_rcc.o(.text)
    RCC_HSEConfig                            0x08000a01   Thumb Code    70  stm32f10x_rcc.o(.text)
    RCC_GetFlagStatus                        0x08000a47   Thumb Code    56  stm32f10x_rcc.o(.text)
    RCC_WaitForHSEStartUp                    0x08000a7f   Thumb Code    56  stm32f10x_rcc.o(.text)
    RCC_AdjustHSICalibrationValue            0x08000ab7   Thumb Code    20  stm32f10x_rcc.o(.text)
    RCC_HSICmd                               0x08000acb   Thumb Code     6  stm32f10x_rcc.o(.text)
    RCC_PLLConfig                            0x08000ad1   Thumb Code    24  stm32f10x_rcc.o(.text)
    RCC_PLLCmd                               0x08000ae9   Thumb Code     6  stm32f10x_rcc.o(.text)
    RCC_SYSCLKConfig                         0x08000aef   Thumb Code    18  stm32f10x_rcc.o(.text)
    RCC_GetSYSCLKSource                      0x08000b01   Thumb Code    10  stm32f10x_rcc.o(.text)
    RCC_HCLKConfig                           0x08000b0b   Thumb Code    18  stm32f10x_rcc.o(.text)
    RCC_PCLK1Config                          0x08000b1d   Thumb Code    18  stm32f10x_rcc.o(.text)
    RCC_PCLK2Config                          0x08000b2f   Thumb Code    20  stm32f10x_rcc.o(.text)
    RCC_ITConfig                             0x08000b43   Thumb Code    26  stm32f10x_rcc.o(.text)
    RCC_USBCLKConfig                         0x08000b5d   Thumb Code     8  stm32f10x_rcc.o(.text)
    RCC_ADCCLKConfig                         0x08000b65   Thumb Code    18  stm32f10x_rcc.o(.text)
    RCC_LSEConfig                            0x08000b77   Thumb Code    50  stm32f10x_rcc.o(.text)
    RCC_LSICmd                               0x08000ba9   Thumb Code     6  stm32f10x_rcc.o(.text)
    RCC_RTCCLKConfig                         0x08000baf   Thumb Code    12  stm32f10x_rcc.o(.text)
    RCC_RTCCLKCmd                            0x08000bbb   Thumb Code     8  stm32f10x_rcc.o(.text)
    RCC_GetClocksFreq                        0x08000bc3   Thumb Code   192  stm32f10x_rcc.o(.text)
    RCC_AHBPeriphClockCmd                    0x08000c83   Thumb Code    26  stm32f10x_rcc.o(.text)
    RCC_APB2PeriphClockCmd                   0x08000c9d   Thumb Code    26  stm32f10x_rcc.o(.text)
    RCC_APB1PeriphClockCmd                   0x08000cb7   Thumb Code    26  stm32f10x_rcc.o(.text)
    RCC_APB2PeriphResetCmd                   0x08000cd1   Thumb Code    26  stm32f10x_rcc.o(.text)
    RCC_APB1PeriphResetCmd                   0x08000ceb   Thumb Code    26  stm32f10x_rcc.o(.text)
    RCC_BackupResetCmd                       0x08000d05   Thumb Code     8  stm32f10x_rcc.o(.text)
    RCC_ClockSecuritySystemCmd               0x08000d0d   Thumb Code     6  stm32f10x_rcc.o(.text)
    RCC_MCOConfig                            0x08000d13   Thumb Code     6  stm32f10x_rcc.o(.text)
    RCC_ClearFlag                            0x08000d19   Thumb Code    14  stm32f10x_rcc.o(.text)
    RCC_GetITStatus                          0x08000d27   Thumb Code    20  stm32f10x_rcc.o(.text)
    RCC_ClearITPendingBit                    0x08000d3b   Thumb Code     6  stm32f10x_rcc.o(.text)
    USART_DeInit                             0x08000d65   Thumb Code   134  stm32f10x_usart.o(.text)
    USART_Init                               0x08000deb   Thumb Code   210  stm32f10x_usart.o(.text)
    USART_StructInit                         0x08000ebd   Thumb Code    24  stm32f10x_usart.o(.text)
    USART_ClockInit                          0x08000ed5   Thumb Code    34  stm32f10x_usart.o(.text)
    USART_ClockStructInit                    0x08000ef7   Thumb Code    12  stm32f10x_usart.o(.text)
    USART_Cmd                                0x08000f03   Thumb Code    24  stm32f10x_usart.o(.text)
    USART_ITConfig                           0x08000f1b   Thumb Code    74  stm32f10x_usart.o(.text)
    USART_DMACmd                             0x08000f65   Thumb Code    18  stm32f10x_usart.o(.text)
    USART_SetAddress                         0x08000f77   Thumb Code    18  stm32f10x_usart.o(.text)
    USART_WakeUpConfig                       0x08000f89   Thumb Code    18  stm32f10x_usart.o(.text)
    USART_ReceiverWakeUpCmd                  0x08000f9b   Thumb Code    24  stm32f10x_usart.o(.text)
    USART_LINBreakDetectLengthConfig         0x08000fb3   Thumb Code    18  stm32f10x_usart.o(.text)
    USART_LINCmd                             0x08000fc5   Thumb Code    24  stm32f10x_usart.o(.text)
    USART_SendData                           0x08000fdd   Thumb Code     8  stm32f10x_usart.o(.text)
    USART_ReceiveData                        0x08000fe5   Thumb Code    10  stm32f10x_usart.o(.text)
    USART_SendBreak                          0x08000fef   Thumb Code    10  stm32f10x_usart.o(.text)
    USART_SetGuardTime                       0x08000ff9   Thumb Code    16  stm32f10x_usart.o(.text)
    USART_SetPrescaler                       0x08001009   Thumb Code    16  stm32f10x_usart.o(.text)
    USART_SmartCardCmd                       0x08001019   Thumb Code    24  stm32f10x_usart.o(.text)
    USART_SmartCardNACKCmd                   0x08001031   Thumb Code    24  stm32f10x_usart.o(.text)
    USART_HalfDuplexCmd                      0x08001049   Thumb Code    24  stm32f10x_usart.o(.text)
    USART_OverSampling8Cmd                   0x08001061   Thumb Code    22  stm32f10x_usart.o(.text)
    USART_OneBitMethodCmd                    0x08001077   Thumb Code    24  stm32f10x_usart.o(.text)
    USART_IrDAConfig                         0x0800108f   Thumb Code    18  stm32f10x_usart.o(.text)
    USART_IrDACmd                            0x080010a1   Thumb Code    24  stm32f10x_usart.o(.text)
    USART_GetFlagStatus                      0x080010b9   Thumb Code    26  stm32f10x_usart.o(.text)
    USART_ClearFlag                          0x080010d3   Thumb Code    18  stm32f10x_usart.o(.text)
    USART_GetITStatus                        0x080010e5   Thumb Code    84  stm32f10x_usart.o(.text)
    USART_ClearITPendingBit                  0x08001139   Thumb Code    52  stm32f10x_usart.o(.text)
    EXTI_DeInit                              0x0800116d   Thumb Code    28  stm32f10x_exti.o(.text)
    EXTI_Init                                0x08001189   Thumb Code   142  stm32f10x_exti.o(.text)
    EXTI_StructInit                          0x08001217   Thumb Code    16  stm32f10x_exti.o(.text)
    EXTI_GenerateSWInterrupt                 0x08001227   Thumb Code    16  stm32f10x_exti.o(.text)
    EXTI_GetFlagStatus                       0x08001237   Thumb Code    22  stm32f10x_exti.o(.text)
    EXTI_ClearFlag                           0x0800124d   Thumb Code     8  stm32f10x_exti.o(.text)
    EXTI_GetITStatus                         0x08001255   Thumb Code    34  stm32f10x_exti.o(.text)
    EXTI_ClearITPendingBit                   0x08001277   Thumb Code     8  stm32f10x_exti.o(.text)
    Delay_Init                               0x08001289   Thumb Code    48  delay.o(.text)
    DelayUs                                  0x080012b9   Thumb Code    60  delay.o(.text)
    DelayXms                                 0x080012f5   Thumb Code    66  delay.o(.text)
    DelayMs                                  0x08001337   Thumb Code    60  delay.o(.text)
    Usart1_Init                              0x0800137d   Thumb Code   166  usart.o(.text)
    Usart2_Init                              0x08001423   Thumb Code   162  usart.o(.text)
    Usart_SendString                         0x080014c5   Thumb Code    50  usart.o(.text)
    UsartPrintf                              0x080014f7   Thumb Code    72  usart.o(.text)
    USART1_IRQHandler                        0x0800153f   Thumb Code    24  usart.o(.text)
    LED_Set                                  0x08001565   Thumb Code    24  led.o(.text)
    LED_Init                                 0x0800157d   Thumb Code    44  led.o(.text)
    Key_Init                                 0x080015b1   Thumb Code   110  key.o(.text)
    EXTI1_IRQHandler                         0x0800161f   Thumb Code    48  key.o(.text)
    DHT11_Rst                                0x08001659   Thumb Code    58  dht11.o(.text)
    DHT11_Check                              0x08001693   Thumb Code   100  dht11.o(.text)
    DHT11_Read_Bit                           0x080016f7   Thumb Code    82  dht11.o(.text)
    DHT11_Read_Byte                          0x08001749   Thumb Code    30  dht11.o(.text)
    DHT11_Read_Data                          0x08001767   Thumb Code    88  dht11.o(.text)
    DHT11_Init                               0x080017bf   Thumb Code    54  dht11.o(.text)
    Hardware_Init                            0x080017f9   Thumb Code    74  main.o(.text)
    main                                     0x08001843   Thumb Code    44  main.o(.text)
    ESP8266_Clear                            0x080018b5   Thumb Code    20  esp8266.o(.text)
    ESP8266_WaitRecive                       0x080018c9   Thumb Code    42  esp8266.o(.text)
    ESP8266_SendCmd                          0x080018f3   Thumb Code    76  esp8266.o(.text)
    ESP8266_SendData                         0x0800193f   Thumb Code    46  esp8266.o(.text)
    ESP8266_GetIPD                           0x0800196d   Thumb Code    68  esp8266.o(.text)
    ESP8266_Init                             0x080019b1   Thumb Code   206  esp8266.o(.text)
    USART2_IRQHandler                        0x08001a7f   Thumb Code    64  esp8266.o(.text)
    __c89vsnprintf                           0x08001b9d   Thumb Code    48  c89vsnprintf.o(.text)
    __2sprintf                               0x08001bd1   Thumb Code    38  __2sprintf.o(.text)
    _printf_str                              0x08001bfd   Thumb Code    82  _printf_str.o(.text)
    _printf_int_dec                          0x08001c51   Thumb Code   104  _printf_dec.o(.text)
    __printf                                 0x08001cc9   Thumb Code   388  __printf_flags_ss_wp.o(.text)
    strchr                                   0x08001e51   Thumb Code    20  strchr.o(.text)
    strstr                                   0x08001e65   Thumb Code    36  strstr.o(.text)
    strlen                                   0x08001e89   Thumb Code    62  strlen.o(.text)
    __aeabi_memclr                           0x08001ec7   Thumb Code     0  rt_memclr.o(.text)
    __rt_memclr                              0x08001ec7   Thumb Code    68  rt_memclr.o(.text)
    _memset                                  0x08001ecb   Thumb Code     0  rt_memclr.o(.text)
    __aeabi_memclr4                          0x08001f0b   Thumb Code     0  rt_memclr_w.o(.text)
    __aeabi_memclr8                          0x08001f0b   Thumb Code     0  rt_memclr_w.o(.text)
    __rt_memclr_w                            0x08001f0b   Thumb Code    78  rt_memclr_w.o(.text)
    _memset_w                                0x08001f0f   Thumb Code     0  rt_memclr_w.o(.text)
    __use_two_region_memory                  0x08001f59   Thumb Code     2  heapauxi.o(.text)
    __rt_heap_escrow                         0x08001f5b   Thumb Code     2  heapauxi.o(.text)
    __rt_heap_expand                         0x08001f5d   Thumb Code     2  heapauxi.o(.text)
    _printf_pre_padding                      0x08001f5f   Thumb Code    44  _printf_pad.o(.text)
    _printf_post_padding                     0x08001f8b   Thumb Code    34  _printf_pad.o(.text)
    _printf_truncate_signed                  0x08001fad   Thumb Code    18  _printf_truncate.o(.text)
    _printf_truncate_unsigned                0x08001fbf   Thumb Code    18  _printf_truncate.o(.text)
    _printf_int_common                       0x08001fd1   Thumb Code   178  _printf_intcommon.o(.text)
    _printf_charcount                        0x08002083   Thumb Code    40  _printf_charcount.o(.text)
    _printf_char_common                      0x080020b7   Thumb Code    32  _printf_char_common.o(.text)
    _sputc                                   0x080020dd   Thumb Code    10  _sputc.o(.text)
    _snputc                                  0x080020e7   Thumb Code    16  _snputc.o(.text)
    _printf_cs_common                        0x080020f7   Thumb Code    20  _printf_char.o(.text)
    _printf_char                             0x0800210b   Thumb Code    16  _printf_char.o(.text)
    _printf_string                           0x0800211b   Thumb Code     8  _printf_char.o(.text)
    _printf_wctomb                           0x08002125   Thumb Code   182  _printf_wctomb.o(.text)
    _printf_longlong_dec                     0x080021e1   Thumb Code   108  _printf_longlong_dec.o(.text)
    _printf_longlong_oct                     0x0800225d   Thumb Code    66  _printf_oct_int_ll.o(.text)
    _printf_int_oct                          0x0800229f   Thumb Code    24  _printf_oct_int_ll.o(.text)
    _printf_ll_oct                           0x080022b7   Thumb Code    12  _printf_oct_int_ll.o(.text)
    _printf_longlong_hex                     0x080022cd   Thumb Code    86  _printf_hex_int_ll_ptr.o(.text)
    _printf_int_hex                          0x08002323   Thumb Code    28  _printf_hex_int_ll_ptr.o(.text)
    _printf_ll_hex                           0x0800233f   Thumb Code    12  _printf_hex_int_ll_ptr.o(.text)
    _printf_hex_ptr                          0x0800234b   Thumb Code    18  _printf_hex_int_ll_ptr.o(.text)
    __user_libspace                          0x08002361   Thumb Code     8  libspace.o(.text)
    __user_perproc_libspace                  0x08002361   Thumb Code     0  libspace.o(.text)
    __user_perthread_libspace                0x08002361   Thumb Code     0  libspace.o(.text)
    __rt_ctype_table                         0x08002369   Thumb Code    16  rt_ctype_table.o(.text)
    _ll_udiv10                               0x08002379   Thumb Code   138  lludiv10.o(.text)
    __lib_sel_fp_printf                      0x08002403   Thumb Code     2  _printf_fp_dec.o(.text)
    _printf_fp_dec_real                      0x080025b5   Thumb Code   620  _printf_fp_dec.o(.text)
    _printf_lcs_common                       0x08002821   Thumb Code    20  _printf_wchar.o(.text)
    _printf_wchar                            0x08002835   Thumb Code    16  _printf_wchar.o(.text)
    _printf_wstring                          0x08002845   Thumb Code     8  _printf_wchar.o(.text)
    _wcrtomb                                 0x0800284d   Thumb Code    64  _wcrtomb.o(.text)
    __I$use$semihosting                      0x0800288d   Thumb Code     0  use_no_semi.o(.text)
    __use_no_semihosting_swi                 0x0800288d   Thumb Code     2  use_no_semi.o(.text)
    __semihosting_library_function           0x0800288f   Thumb Code     0  indicate_semi.o(.text)
    __user_setup_stackheap                   0x0800288f   Thumb Code    74  sys_stackheap_outer.o(.text)
    __rt_locale                              0x080028d9   Thumb Code     8  rt_locale_intlibspace.o(.text)
    _printf_fp_infnan                        0x080028e1   Thumb Code   112  _printf_fp_infnan.o(.text)
    _btod_etento                             0x08002961   Thumb Code   224  bigflt0.o(.text)
    exit                                     0x08002a45   Thumb Code    18  exit.o(.text)
    _sys_exit                                0x08002a59   Thumb Code     8  sys_exit.o(.text)
    strcmp                                   0x08002a65   Thumb Code   128  strcmpv7m.o(.text)
    _btod_d2e                                0x08002ae5   Thumb Code    62  btod.o(CL$$btod_d2e)
    _d2e_denorm_low                          0x08002b23   Thumb Code    70  btod.o(CL$$btod_d2e_denorm_low)
    _d2e_norm_op1                            0x08002b69   Thumb Code    96  btod.o(CL$$btod_d2e_norm_op1)
    __btod_div_common                        0x08002bc9   Thumb Code   696  btod.o(CL$$btod_div_common)
    _e2e                                     0x08002f01   Thumb Code   220  btod.o(CL$$btod_e2e)
    _btod_ediv                               0x08002fdd   Thumb Code    42  btod.o(CL$$btod_ediv)
    _btod_emul                               0x08003007   Thumb Code    42  btod.o(CL$$btod_emul)
    __btod_mult_common                       0x08003031   Thumb Code   580  btod.o(CL$$btod_mult_common)
    __ARM_fpclassify                         0x08003275   Thumb Code    40  fpclassify.o(i.__ARM_fpclassify)
    _is_digit                                0x0800329d   Thumb Code    14  __printf_wp.o(i._is_digit)
    _get_lc_ctype                            0x080032ad   Thumb Code    44  lc_ctype_c.o(locale$$code)
    _get_lc_numeric                          0x080032d9   Thumb Code    44  lc_numeric_c.o(locale$$code)
    _printf_fp_dec                           0x08003305   Thumb Code     4  printf1.o(x$fpl$printf1)
    __I$use$fp                               0x08003308   Number         0  usenofp.o(x$fpl$usenofp)
    Region$$Table$$Base                      0x080033e0   Number         0  anon$$obj.o(Region$$Table)
    Region$$Table$$Limit                     0x08003400   Number         0  anon$$obj.o(Region$$Table)
    __ctype                                  0x0800340d   Data           0  lc_ctype_c.o(locale$$data)
    SystemCoreClock                          0x20000000   Data           4  system_stm32f10x.o(.data)
    AHBPrescTable                            0x20000004   Data          16  system_stm32f10x.o(.data)
    UsCount                                  0x20000028   Data           1  delay.o(.data)
    MsCount                                  0x2000002a   Data           2  delay.o(.data)
    led_info                                 0x2000002c   Data           1  led.o(.data)
    temp                                     0x2000002d   Data           1  main.o(.data)
    humi                                     0x2000002e   Data           1  main.o(.data)
    esp8266_cnt                              0x20000030   Data           2  esp8266.o(.data)
    esp8266_cntPre                           0x20000032   Data           2  esp8266.o(.data)
    esp8266_buf                              0x20000034   Data         512  esp8266.o(.bss)
    __libspace_start                         0x20000234   Data          96  libspace.o(.bss)
    __temporary_stack_top$libspace           0x20000294   Data           0  libspace.o(.bss)



==============================================================================

Memory Map of the image

  Image Entry point : 0x080000ed

  Load Region LR_IROM1 (Base: 0x08000000, Size: 0x00003560, Max: 0x00010000, ABSOLUTE)

    Execution Region ER_IROM1 (Exec base: 0x08000000, Load base: 0x08000000, Size: 0x0000352c, Max: 0x00010000, ABSOLUTE)

    Exec Addr    Load Addr    Size         Type   Attr      Idx    E Section Name        Object

    0x08000000   0x08000000   0x000000ec   Data   RO          139    RESET               startup_stm32f10x_md.o
    0x080000ec   0x080000ec   0x00000008   Code   RO          876  * !!!main             c_w.l(__main.o)
    0x080000f4   0x080000f4   0x00000034   Code   RO         1226    !!!scatter          c_w.l(__scatter.o)
    0x08000128   0x08000128   0x0000001a   Code   RO         1228    !!handler_copy      c_w.l(__scatter_copy.o)
    0x08000142   0x08000142   0x00000002   PAD
    0x08000144   0x08000144   0x0000001c   Code   RO         1230    !!handler_zi        c_w.l(__scatter_zi.o)
    0x08000160   0x08000160   0x00000000   Code   RO          847    .ARM.Collect$$_printf_percent$$00000000  c_w.l(_printf_percent.o)
    0x08000160   0x08000160   0x00000006   Code   RO          960    .ARM.Collect$$_printf_percent$$00000001  c_w.l(_printf_n.o)
    0x08000166   0x08000166   0x00000006   Code   RO          962    .ARM.Collect$$_printf_percent$$00000002  c_w.l(_printf_p.o)
    0x0800016c   0x0800016c   0x00000006   Code   RO          966    .ARM.Collect$$_printf_percent$$00000003  c_w.l(_printf_f.o)
    0x08000172   0x08000172   0x00000006   Code   RO          967    .ARM.Collect$$_printf_percent$$00000004  c_w.l(_printf_e.o)
    0x08000178   0x08000178   0x00000006   Code   RO          968    .ARM.Collect$$_printf_percent$$00000005  c_w.l(_printf_g.o)
    0x0800017e   0x0800017e   0x00000006   Code   RO          969    .ARM.Collect$$_printf_percent$$00000006  c_w.l(_printf_a.o)
    0x08000184   0x08000184   0x0000000a   Code   RO          974    .ARM.Collect$$_printf_percent$$00000007  c_w.l(_printf_ll.o)
    0x0800018e   0x0800018e   0x00000006   Code   RO          964    .ARM.Collect$$_printf_percent$$00000008  c_w.l(_printf_i.o)
    0x08000194   0x08000194   0x00000006   Code   RO          846    .ARM.Collect$$_printf_percent$$00000009  c_w.l(_printf_d.o)
    0x0800019a   0x0800019a   0x00000006   Code   RO          965    .ARM.Collect$$_printf_percent$$0000000A  c_w.l(_printf_u.o)
    0x080001a0   0x080001a0   0x00000006   Code   RO          963    .ARM.Collect$$_printf_percent$$0000000B  c_w.l(_printf_o.o)
    0x080001a6   0x080001a6   0x00000006   Code   RO          961    .ARM.Collect$$_printf_percent$$0000000C  c_w.l(_printf_x.o)
    0x080001ac   0x080001ac   0x00000006   Code   RO          971    .ARM.Collect$$_printf_percent$$0000000D  c_w.l(_printf_lli.o)
    0x080001b2   0x080001b2   0x00000006   Code   RO          972    .ARM.Collect$$_printf_percent$$0000000E  c_w.l(_printf_lld.o)
    0x080001b8   0x080001b8   0x00000006   Code   RO          973    .ARM.Collect$$_printf_percent$$0000000F  c_w.l(_printf_llu.o)
    0x080001be   0x080001be   0x00000006   Code   RO          978    .ARM.Collect$$_printf_percent$$00000010  c_w.l(_printf_llo.o)
    0x080001c4   0x080001c4   0x00000006   Code   RO          979    .ARM.Collect$$_printf_percent$$00000011  c_w.l(_printf_llx.o)
    0x080001ca   0x080001ca   0x0000000a   Code   RO          975    .ARM.Collect$$_printf_percent$$00000012  c_w.l(_printf_l.o)
    0x080001d4   0x080001d4   0x00000006   Code   RO          959    .ARM.Collect$$_printf_percent$$00000013  c_w.l(_printf_c.o)
    0x080001da   0x080001da   0x00000006   Code   RO          845    .ARM.Collect$$_printf_percent$$00000014  c_w.l(_printf_s.o)
    0x080001e0   0x080001e0   0x00000006   Code   RO          976    .ARM.Collect$$_printf_percent$$00000015  c_w.l(_printf_lc.o)
    0x080001e6   0x080001e6   0x00000006   Code   RO          977    .ARM.Collect$$_printf_percent$$00000016  c_w.l(_printf_ls.o)
    0x080001ec   0x080001ec   0x00000004   Code   RO          970    .ARM.Collect$$_printf_percent$$00000017  c_w.l(_printf_percent_end.o)
    0x080001f0   0x080001f0   0x00000002   Code   RO         1158    .ARM.Collect$$libinit$$00000000  c_w.l(libinit.o)
    0x080001f2   0x080001f2   0x00000000   Code   RO          993    .ARM.Collect$$libinit$$00000002  c_w.l(libinit2.o)
    0x080001f2   0x080001f2   0x00000000   Code   RO          995    .ARM.Collect$$libinit$$00000004  c_w.l(libinit2.o)
    0x080001f2   0x080001f2   0x00000000   Code   RO          998    .ARM.Collect$$libinit$$0000000A  c_w.l(libinit2.o)
    0x080001f2   0x080001f2   0x00000000   Code   RO         1000    .ARM.Collect$$libinit$$0000000C  c_w.l(libinit2.o)
    0x080001f2   0x080001f2   0x00000000   Code   RO         1002    .ARM.Collect$$libinit$$0000000E  c_w.l(libinit2.o)
    0x080001f2   0x080001f2   0x00000006   Code   RO         1003    .ARM.Collect$$libinit$$0000000F  c_w.l(libinit2.o)
    0x080001f8   0x080001f8   0x00000000   Code   RO         1005    .ARM.Collect$$libinit$$00000011  c_w.l(libinit2.o)
    0x080001f8   0x080001f8   0x0000000c   Code   RO         1006    .ARM.Collect$$libinit$$00000012  c_w.l(libinit2.o)
    0x08000204   0x08000204   0x00000000   Code   RO         1007    .ARM.Collect$$libinit$$00000013  c_w.l(libinit2.o)
    0x08000204   0x08000204   0x00000000   Code   RO         1009    .ARM.Collect$$libinit$$00000015  c_w.l(libinit2.o)
    0x08000204   0x08000204   0x0000000a   Code   RO         1010    .ARM.Collect$$libinit$$00000016  c_w.l(libinit2.o)
    0x0800020e   0x0800020e   0x00000000   Code   RO         1011    .ARM.Collect$$libinit$$00000017  c_w.l(libinit2.o)
    0x0800020e   0x0800020e   0x00000000   Code   RO         1013    .ARM.Collect$$libinit$$00000019  c_w.l(libinit2.o)
    0x0800020e   0x0800020e   0x00000000   Code   RO         1015    .ARM.Collect$$libinit$$0000001B  c_w.l(libinit2.o)
    0x0800020e   0x0800020e   0x00000000   Code   RO         1017    .ARM.Collect$$libinit$$0000001D  c_w.l(libinit2.o)
    0x0800020e   0x0800020e   0x00000000   Code   RO         1019    .ARM.Collect$$libinit$$0000001F  c_w.l(libinit2.o)
    0x0800020e   0x0800020e   0x00000000   Code   RO         1021    .ARM.Collect$$libinit$$00000021  c_w.l(libinit2.o)
    0x0800020e   0x0800020e   0x00000000   Code   RO         1023    .ARM.Collect$$libinit$$00000023  c_w.l(libinit2.o)
    0x0800020e   0x0800020e   0x00000000   Code   RO         1025    .ARM.Collect$$libinit$$00000025  c_w.l(libinit2.o)
    0x0800020e   0x0800020e   0x00000000   Code   RO         1029    .ARM.Collect$$libinit$$0000002C  c_w.l(libinit2.o)
    0x0800020e   0x0800020e   0x00000000   Code   RO         1031    .ARM.Collect$$libinit$$0000002E  c_w.l(libinit2.o)
    0x0800020e   0x0800020e   0x00000000   Code   RO         1033    .ARM.Collect$$libinit$$00000030  c_w.l(libinit2.o)
    0x0800020e   0x0800020e   0x00000000   Code   RO         1035    .ARM.Collect$$libinit$$00000032  c_w.l(libinit2.o)
    0x0800020e   0x0800020e   0x00000002   Code   RO         1036    .ARM.Collect$$libinit$$00000033  c_w.l(libinit2.o)
    0x08000210   0x08000210   0x00000002   Code   RO         1223    .ARM.Collect$$libshutdown$$00000000  c_w.l(libshutdown.o)
    0x08000212   0x08000212   0x00000000   Code   RO         1179    .ARM.Collect$$libshutdown$$00000002  c_w.l(libshutdown2.o)
    0x08000212   0x08000212   0x00000000   Code   RO         1181    .ARM.Collect$$libshutdown$$00000004  c_w.l(libshutdown2.o)
    0x08000212   0x08000212   0x00000000   Code   RO         1184    .ARM.Collect$$libshutdown$$00000007  c_w.l(libshutdown2.o)
    0x08000212   0x08000212   0x00000000   Code   RO         1187    .ARM.Collect$$libshutdown$$0000000A  c_w.l(libshutdown2.o)
    0x08000212   0x08000212   0x00000000   Code   RO         1189    .ARM.Collect$$libshutdown$$0000000C  c_w.l(libshutdown2.o)
    0x08000212   0x08000212   0x00000000   Code   RO         1192    .ARM.Collect$$libshutdown$$0000000F  c_w.l(libshutdown2.o)
    0x08000212   0x08000212   0x00000002   Code   RO         1193    .ARM.Collect$$libshutdown$$00000010  c_w.l(libshutdown2.o)
    0x08000214   0x08000214   0x00000000   Code   RO          880    .ARM.Collect$$rtentry$$00000000  c_w.l(__rtentry.o)
    0x08000214   0x08000214   0x00000000   Code   RO         1045    .ARM.Collect$$rtentry$$00000002  c_w.l(__rtentry2.o)
    0x08000214   0x08000214   0x00000006   Code   RO         1057    .ARM.Collect$$rtentry$$00000004  c_w.l(__rtentry4.o)
    0x0800021a   0x0800021a   0x00000000   Code   RO         1047    .ARM.Collect$$rtentry$$00000009  c_w.l(__rtentry2.o)
    0x0800021a   0x0800021a   0x00000004   Code   RO         1048    .ARM.Collect$$rtentry$$0000000A  c_w.l(__rtentry2.o)
    0x0800021e   0x0800021e   0x00000000   Code   RO         1050    .ARM.Collect$$rtentry$$0000000C  c_w.l(__rtentry2.o)
    0x0800021e   0x0800021e   0x00000008   Code   RO         1051    .ARM.Collect$$rtentry$$0000000D  c_w.l(__rtentry2.o)
    0x08000226   0x08000226   0x00000002   Code   RO         1166    .ARM.Collect$$rtexit$$00000000  c_w.l(rtexit.o)
    0x08000228   0x08000228   0x00000000   Code   RO         1197    .ARM.Collect$$rtexit$$00000002  c_w.l(rtexit2.o)
    0x08000228   0x08000228   0x00000004   Code   RO         1198    .ARM.Collect$$rtexit$$00000003  c_w.l(rtexit2.o)
    0x0800022c   0x0800022c   0x00000006   Code   RO         1199    .ARM.Collect$$rtexit$$00000004  c_w.l(rtexit2.o)
    0x08000232   0x08000232   0x00000002   PAD
    0x08000234   0x08000234   0x00000134   Code   RO           17    .text               stm32f10x_it.o
    0x08000368   0x08000368   0x000001e0   Code   RO          119    .text               system_stm32f10x.o
    0x08000548   0x08000548   0x00000040   Code   RO          140    .text               startup_stm32f10x_md.o
    0x08000588   0x08000588   0x000000dc   Code   RO          144    .text               misc.o
    0x08000664   0x08000664   0x0000035c   Code   RO          182    .text               stm32f10x_gpio.o
    0x080009c0   0x080009c0   0x000003a4   Code   RO          194    .text               stm32f10x_rcc.o
    0x08000d64   0x08000d64   0x00000408   Code   RO          208    .text               stm32f10x_usart.o
    0x0800116c   0x0800116c   0x0000011c   Code   RO          220    .text               stm32f10x_exti.o
    0x08001288   0x08001288   0x000000f4   Code   RO          315    .text               delay.o
    0x0800137c   0x0800137c   0x000001e8   Code   RO          416    .text               usart.o
    0x08001564   0x08001564   0x0000004c   Code   RO          441    .text               led.o
    0x080015b0   0x080015b0   0x000000a8   Code   RO          542    .text               key.o
    0x08001658   0x08001658   0x000001a0   Code   RO          561    .text               dht11.o
    0x080017f8   0x080017f8   0x000000bc   Code   RO          576    .text               main.o
    0x080018b4   0x080018b4   0x000002e8   Code   RO          725    .text               esp8266.o
    0x08001b9c   0x08001b9c   0x00000034   Code   RO          809    .text               c_w.l(c89vsnprintf.o)
    0x08001bd0   0x08001bd0   0x0000002c   Code   RO          811    .text               c_w.l(__2sprintf.o)
    0x08001bfc   0x08001bfc   0x00000052   Code   RO          821    .text               c_w.l(_printf_str.o)
    0x08001c4e   0x08001c4e   0x00000002   PAD
    0x08001c50   0x08001c50   0x00000078   Code   RO          823    .text               c_w.l(_printf_dec.o)
    0x08001cc8   0x08001cc8   0x00000188   Code   RO          842    .text               c_w.l(__printf_flags_ss_wp.o)
    0x08001e50   0x08001e50   0x00000014   Code   RO          856    .text               c_w.l(strchr.o)
    0x08001e64   0x08001e64   0x00000024   Code   RO          860    .text               c_w.l(strstr.o)
    0x08001e88   0x08001e88   0x0000003e   Code   RO          864    .text               c_w.l(strlen.o)
    0x08001ec6   0x08001ec6   0x00000044   Code   RO          870    .text               c_w.l(rt_memclr.o)
    0x08001f0a   0x08001f0a   0x0000004e   Code   RO          872    .text               c_w.l(rt_memclr_w.o)
    0x08001f58   0x08001f58   0x00000006   Code   RO          874    .text               c_w.l(heapauxi.o)
    0x08001f5e   0x08001f5e   0x0000004e   Code   RO          911    .text               c_w.l(_printf_pad.o)
    0x08001fac   0x08001fac   0x00000024   Code   RO          913    .text               c_w.l(_printf_truncate.o)
    0x08001fd0   0x08001fd0   0x000000b2   Code   RO          915    .text               c_w.l(_printf_intcommon.o)
    0x08002082   0x08002082   0x00000028   Code   RO          917    .text               c_w.l(_printf_charcount.o)
    0x080020aa   0x080020aa   0x00000002   PAD
    0x080020ac   0x080020ac   0x00000030   Code   RO          919    .text               c_w.l(_printf_char_common.o)
    0x080020dc   0x080020dc   0x0000000a   Code   RO          921    .text               c_w.l(_sputc.o)
    0x080020e6   0x080020e6   0x00000010   Code   RO          923    .text               c_w.l(_snputc.o)
    0x080020f6   0x080020f6   0x0000002c   Code   RO          925    .text               c_w.l(_printf_char.o)
    0x08002122   0x08002122   0x00000002   PAD
    0x08002124   0x08002124   0x000000bc   Code   RO          927    .text               c_w.l(_printf_wctomb.o)
    0x080021e0   0x080021e0   0x0000007c   Code   RO          930    .text               c_w.l(_printf_longlong_dec.o)
    0x0800225c   0x0800225c   0x00000070   Code   RO          936    .text               c_w.l(_printf_oct_int_ll.o)
    0x080022cc   0x080022cc   0x00000094   Code   RO          956    .text               c_w.l(_printf_hex_int_ll_ptr.o)
    0x08002360   0x08002360   0x00000008   Code   RO         1041    .text               c_w.l(libspace.o)
    0x08002368   0x08002368   0x00000010   Code   RO         1059    .text               c_w.l(rt_ctype_table.o)
    0x08002378   0x08002378   0x0000008a   Code   RO         1069    .text               c_w.l(lludiv10.o)
    0x08002402   0x08002402   0x0000041e   Code   RO         1073    .text               c_w.l(_printf_fp_dec.o)
    0x08002820   0x08002820   0x0000002c   Code   RO         1077    .text               c_w.l(_printf_wchar.o)
    0x0800284c   0x0800284c   0x00000040   Code   RO         1083    .text               c_w.l(_wcrtomb.o)
    0x0800288c   0x0800288c   0x00000002   Code   RO         1096    .text               c_w.l(use_no_semi.o)
    0x0800288e   0x0800288e   0x00000000   Code   RO         1098    .text               c_w.l(indicate_semi.o)
    0x0800288e   0x0800288e   0x0000004a   Code   RO         1099    .text               c_w.l(sys_stackheap_outer.o)
    0x080028d8   0x080028d8   0x00000008   Code   RO         1106    .text               c_w.l(rt_locale_intlibspace.o)
    0x080028e0   0x080028e0   0x00000080   Code   RO         1110    .text               c_w.l(_printf_fp_infnan.o)
    0x08002960   0x08002960   0x000000e4   Code   RO         1112    .text               c_w.l(bigflt0.o)
    0x08002a44   0x08002a44   0x00000012   Code   RO         1143    .text               c_w.l(exit.o)
    0x08002a56   0x08002a56   0x00000002   PAD
    0x08002a58   0x08002a58   0x0000000c   Code   RO         1164    .text               c_w.l(sys_exit.o)
    0x08002a64   0x08002a64   0x00000080   Code   RO         1176    .text               c_w.l(strcmpv7m.o)
    0x08002ae4   0x08002ae4   0x0000003e   Code   RO         1115    CL$$btod_d2e        c_w.l(btod.o)
    0x08002b22   0x08002b22   0x00000046   Code   RO         1117    CL$$btod_d2e_denorm_low  c_w.l(btod.o)
    0x08002b68   0x08002b68   0x00000060   Code   RO         1116    CL$$btod_d2e_norm_op1  c_w.l(btod.o)
    0x08002bc8   0x08002bc8   0x00000338   Code   RO         1125    CL$$btod_div_common  c_w.l(btod.o)
    0x08002f00   0x08002f00   0x000000dc   Code   RO         1122    CL$$btod_e2e        c_w.l(btod.o)
    0x08002fdc   0x08002fdc   0x0000002a   Code   RO         1119    CL$$btod_ediv       c_w.l(btod.o)
    0x08003006   0x08003006   0x0000002a   Code   RO         1118    CL$$btod_emul       c_w.l(btod.o)
    0x08003030   0x08003030   0x00000244   Code   RO         1124    CL$$btod_mult_common  c_w.l(btod.o)
    0x08003274   0x08003274   0x00000028   Code   RO         1162    i.__ARM_fpclassify  m_ws.l(fpclassify.o)
    0x0800329c   0x0800329c   0x0000000e   Code   RO          835    i._is_digit         c_w.l(__printf_wp.o)
    0x080032aa   0x080032aa   0x00000002   PAD
    0x080032ac   0x080032ac   0x0000002c   Code   RO         1138    locale$$code        c_w.l(lc_ctype_c.o)
    0x080032d8   0x080032d8   0x0000002c   Code   RO         1141    locale$$code        c_w.l(lc_numeric_c.o)
    0x08003304   0x08003304   0x00000004   Code   RO         1037    x$fpl$printf1       fz_ws.l(printf1.o)
    0x08003308   0x08003308   0x00000000   Code   RO         1161    x$fpl$usenofp       fz_ws.l(usenofp.o)
    0x08003308   0x08003308   0x00000011   Data   RO          843    .constdata          c_w.l(__printf_flags_ss_wp.o)
    0x08003319   0x08003319   0x00000003   PAD
    0x0800331c   0x0800331c   0x00000008   Data   RO          928    .constdata          c_w.l(_printf_wctomb.o)
    0x08003324   0x08003324   0x00000028   Data   RO          957    .constdata          c_w.l(_printf_hex_int_ll_ptr.o)
    0x0800334c   0x0800334c   0x00000094   Data   RO         1113    .constdata          c_w.l(bigflt0.o)
    0x080033e0   0x080033e0   0x00000020   Data   RO         1224    Region$$Table       anon$$obj.o
    0x08003400   0x08003400   0x00000110   Data   RO         1137    locale$$data        c_w.l(lc_ctype_c.o)
    0x08003510   0x08003510   0x0000001c   Data   RO         1140    locale$$data        c_w.l(lc_numeric_c.o)


    Execution Region RW_IRAM1 (Exec base: 0x20000000, Load base: 0x0800352c, Size: 0x00000898, Max: 0x00005000, ABSOLUTE)

    Exec Addr    Load Addr    Size         Type   Attr      Idx    E Section Name        Object

    0x20000000   0x0800352c   0x00000014   Data   RW          120    .data               system_stm32f10x.o
    0x20000014   0x08003540   0x00000014   Data   RW          195    .data               stm32f10x_rcc.o
    0x20000028   0x08003554   0x00000004   Data   RW          316    .data               delay.o
    0x2000002c   0x08003558   0x00000001   Data   RW          442    .data               led.o
    0x2000002d   0x08003559   0x00000002   Data   RW          577    .data               main.o
    0x2000002f   0x0800355b   0x00000001   PAD
    0x20000030   0x0800355c   0x00000004   Data   RW          727    .data               esp8266.o
    0x20000034        -       0x00000200   Zero   RW          726    .bss                esp8266.o
    0x20000234        -       0x00000060   Zero   RW         1042    .bss                c_w.l(libspace.o)
    0x20000294   0x08003560   0x00000004   PAD
    0x20000298        -       0x00000200   Zero   RW          138    HEAP                startup_stm32f10x_md.o
    0x20000498        -       0x00000400   Zero   RW          137    STACK               startup_stm32f10x_md.o


==============================================================================

Image component sizes


      Code (inc. data)   RO Data    RW Data    ZI Data      Debug   Object Name

         0          0          0          0          0       4532   core_cm3.o
       244         10          0          4          0     221284   delay.o
       416          4          0          0          0       2134   dht11.o
       744        222          0          4        512       2987   esp8266.o
       168         10          0          0          0        720   key.o
        76          8          0          1          0       9474   led.o
       188         70          0          2          0        897   main.o
       220         22          0          0          0     205049   misc.o
        64         26        236          0       1536        800   startup_stm32f10x_md.o
       284         10          0          0          0     205975   stm32f10x_exti.o
       860         38          0          0          0       5657   stm32f10x_gpio.o
       308        248          0          0          0      24451   stm32f10x_it.o
       932         36          0         20          0       8812   stm32f10x_rcc.o
      1032         22          0          0          0       8380   stm32f10x_usart.o
       480         38          0         20          0       1743   system_stm32f10x.o
       488         14          0          0          0       2893   usart.o

    ----------------------------------------------------------------------
      6504        778        268         52       2048     705788   Object Totals
         0          0         32          0          0          0   (incl. Generated)
         0          0          0          1          0          0   (incl. Padding)

    ----------------------------------------------------------------------

      Code (inc. data)   RO Data    RW Data    ZI Data      Debug   Library Member Name

        44          6          0          0          0         84   __2sprintf.o
         8          0          0          0          0         68   __main.o
       392          4         17          0          0         92   __printf_flags_ss_wp.o
        14          0          0          0          0         68   __printf_wp.o
         0          0          0          0          0          0   __rtentry.o
        12          0          0          0          0          0   __rtentry2.o
         6          0          0          0          0          0   __rtentry4.o
        52          8          0          0          0          0   __scatter.o
        26          0          0          0          0          0   __scatter_copy.o
        28          0          0          0          0          0   __scatter_zi.o
         6          0          0          0          0          0   _printf_a.o
         6          0          0          0          0          0   _printf_c.o
        44          0          0          0          0        108   _printf_char.o
        48          6          0          0          0         96   _printf_char_common.o
        40          0          0          0          0         68   _printf_charcount.o
         6          0          0          0          0          0   _printf_d.o
       120         16          0          0          0         92   _printf_dec.o
         6          0          0          0          0          0   _printf_e.o
         6          0          0          0          0          0   _printf_f.o
      1054          0          0          0          0        216   _printf_fp_dec.o
       128         16          0          0          0         84   _printf_fp_infnan.o
         6          0          0          0          0          0   _printf_g.o
       148          4         40          0          0        160   _printf_hex_int_ll_ptr.o
         6          0          0          0          0          0   _printf_i.o
       178          0          0          0          0         88   _printf_intcommon.o
        10          0          0          0          0          0   _printf_l.o
         6          0          0          0          0          0   _printf_lc.o
        10          0          0          0          0          0   _printf_ll.o
         6          0          0          0          0          0   _printf_lld.o
         6          0          0          0          0          0   _printf_lli.o
         6          0          0          0          0          0   _printf_llo.o
         6          0          0          0          0          0   _printf_llu.o
         6          0          0          0          0          0   _printf_llx.o
       124         16          0          0          0         92   _printf_longlong_dec.o
         6          0          0          0          0          0   _printf_ls.o
         6          0          0          0          0          0   _printf_n.o
         6          0          0          0          0          0   _printf_o.o
       112         10          0          0          0        124   _printf_oct_int_ll.o
         6          0          0          0          0          0   _printf_p.o
        78          0          0          0          0        108   _printf_pad.o
         0          0          0          0          0          0   _printf_percent.o
         4          0          0          0          0          0   _printf_percent_end.o
         6          0          0          0          0          0   _printf_s.o
        82          0          0          0          0         80   _printf_str.o
        36          0          0          0          0         84   _printf_truncate.o
         6          0          0          0          0          0   _printf_u.o
        44          0          0          0          0        108   _printf_wchar.o
       188          6          8          0          0         92   _printf_wctomb.o
         6          0          0          0          0          0   _printf_x.o
        16          0          0          0          0         68   _snputc.o
        10          0          0          0          0         68   _sputc.o
        64          0          0          0          0         92   _wcrtomb.o
       228          4        148          0          0         96   bigflt0.o
      1936        128          0          0          0        672   btod.o
        52          4          0          0          0         80   c89vsnprintf.o
        18          0          0          0          0         80   exit.o
         6          0          0          0          0        152   heapauxi.o
         0          0          0          0          0          0   indicate_semi.o
        44         10        272          0          0         76   lc_ctype_c.o
        44         10         28          0          0         76   lc_numeric_c.o
         2          0          0          0          0          0   libinit.o
        30          0          0          0          0          0   libinit2.o
         2          0          0          0          0          0   libshutdown.o
         2          0          0          0          0          0   libshutdown2.o
         8          4          0          0         96         68   libspace.o
       138          0          0          0          0         80   lludiv10.o
        16          4          0          0          0         76   rt_ctype_table.o
         8          4          0          0          0         68   rt_locale_intlibspace.o
        68          0          0          0          0         68   rt_memclr.o
        78          0          0          0          0         80   rt_memclr_w.o
         2          0          0          0          0          0   rtexit.o
        10          0          0          0          0          0   rtexit2.o
        20          0          0          0          0         68   strchr.o
       128          0          0          0          0         68   strcmpv7m.o
        62          0          0          0          0         76   strlen.o
        36          0          0          0          0         80   strstr.o
        12          4          0          0          0         68   sys_exit.o
        74          0          0          0          0         80   sys_stackheap_outer.o
         2          0          0          0          0         68   use_no_semi.o
         4          0          0          0          0         68   printf1.o
         0          0          0          0          0          0   usenofp.o
        40          0          0          0          0         68   fpclassify.o

    ----------------------------------------------------------------------
      6324        264        516          0        100       4456   Library Totals
        14          0          3          0          4          0   (incl. Padding)

    ----------------------------------------------------------------------

      Code (inc. data)   RO Data    RW Data    ZI Data      Debug   Library Name

      6266        264        513          0         96       4320   c_w.l
         4          0          0          0          0         68   fz_ws.l
        40          0          0          0          0         68   m_ws.l

    ----------------------------------------------------------------------
      6324        264        516          0        100       4456   Library Totals

    ----------------------------------------------------------------------

==============================================================================


      Code (inc. data)   RO Data    RW Data    ZI Data      Debug   

     12828       1042        784         52       2148     706600   Grand Totals
     12828       1042        784         52       2148     706600   ELF Image Totals
     12828       1042        784         52          0          0   ROM Totals

==============================================================================

    Total RO  Size (Code + RO Data)                13612 (  13.29kB)
    Total RW  Size (RW Data + ZI Data)              2200 (   2.15kB)
    Total ROM Size (Code + RO Data + RW Data)      13664 (  13.34kB)

==============================================================================

